main.c:169:5:main	64	static
main.c:367:6:SystemClock_Config	72	static
main.c:406:13:MX_I2C1_Init	8	static
main.c:440:13:MX_TIM3_Init	32	static
main.c:485:13:MX_USART1_UART_Init	8	static
main.c:518:13:MX_USART2_UART_Init	8	static
main.c:551:13:MX_USART3_UART_Init	8	static
main.c:584:13:MX_GPIO_Init	40	static
main.c:616:6:LORA_CONFG	32	static
main.c:651:6:LORA_READ_PARAMETER	16	static
main.c:671:6:Data_Parsing	16	static
main.c:725:6:Data_Convert	16	static
main.c:751:6:Data_ToNextion	8	static
main.c:817:6:finding_maxmin	16	static
main.c:846:8:deg2rad	32	static
main.c:851:8:rad2deg	32	static
main.c:857:7:Cal_distGPS	40	static
main.c:869:7:GetAngle	56	static
main.c:912:7:calcoor	32	static
main.c:924:6:Error_Handler	4	static
