main.c:171:5:main	64	static
main.c:385:6:SystemClock_Config	96	static
main.c:433:13:MX_I2C1_Init	8	static
main.c:479:13:MX_TIM2_Init	40	static
main.c:524:13:MX_USART1_UART_Init	8	static
main.c:559:13:MX_USART2_UART_Init	8	static
main.c:594:13:MX_USART3_UART_Init	8	static
main.c:629:13:MX_GPIO_Init	40	static
main.c:661:6:LORA_CONFG	32	static
main.c:696:6:LORA_READ_PARAMETER	16	static
main.c:716:6:Data_Parsing	16	static
main.c:770:6:Data_Convert	16	static
main.c:796:6:Data_ToNextion	8	static
main.c:862:6:finding_maxmin	16	static
main.c:891:8:deg2rad	32	static
main.c:896:8:rad2deg	32	static
main.c:902:7:Cal_distGPS	48	static
main.c:914:7:GetAngle	56	static
main.c:949:7:calcoor	32	static
main.c:956:6:I2C_SCAN	16	static
main.c:970:6:Error_Handler	4	static
