main.c:154:5:main	16	static
main.c:314:6:SystemClock_Config	72	static
main.c:353:13:MX_I2C1_Init	8	static
main.c:387:13:MX_TIM2_Init	32	static
main.c:432:13:MX_USART1_UART_Init	8	static
main.c:465:13:MX_USART2_UART_Init	8	static
main.c:498:13:MX_USART3_UART_Init	8	static
main.c:531:13:MX_GPIO_Init	40	static
main.c:574:6:LORA_CONFG	32	static
main.c:609:6:LORA_READ_PARAMETER	16	static
main.c:629:6:Data_Parsing	16	static
main.c:683:6:Data_Convert	16	static
main.c:709:6:Data_ToNextion	8	static
main.c:775:6:finding_maxmin	16	static
main.c:804:8:deg2rad	32	static
main.c:809:8:rad2deg	32	static
main.c:815:7:Cal_distGPS	40	static
main.c:827:7:GetAngle	56	static
main.c:875:6:Error_Handler	4	static
