main.c:155:5:main	16	static
main.c:304:6:SystemClock_Config	72	static
main.c:343:13:MX_I2C1_Init	8	static
main.c:377:13:MX_SPI2_Init	8	static
main.c:415:13:MX_TIM2_Init	32	static
main.c:460:13:MX_USART1_UART_Init	8	static
main.c:493:13:MX_USART2_UART_Init	8	static
main.c:526:13:MX_USART3_UART_Init	8	static
main.c:559:13:MX_GPIO_Init	40	static
main.c:591:6:LORA_CONFG	32	static
main.c:626:6:LORA_READ_PARAMETER	16	static
main.c:646:6:Data_Parsing	16	static
main.c:700:6:Data_Convert	16	static
main.c:726:6:Data_ToNextion	8	static
main.c:792:6:finding_maxmin	16	static
main.c:821:8:deg2rad	32	static
main.c:826:8:rad2deg	32	static
main.c:832:7:Cal_distGPS	40	static
main.c:844:7:GetAngle	56	static
main.c:892:6:Error_Handler	4	static
