Archive member included to satisfy reference by file (symbol)

c:/st/stm32cubeide_1.4.0/stm32cubeide/plugins/com.st.stm32cube.ide.mcu.externaltools.gnu-tools-for-stm32.7-2018-q2-update.win32_1.4.0.202007081208/tools/bin/../lib/gcc/arm-none-eabi/7.3.1/../../../../arm-none-eabi/lib/thumb/v7-m\libc_nano.a(lib_a-errno.o)
                              Core/Src/syscalls.o (__errno)
c:/st/stm32cubeide_1.4.0/stm32cubeide/plugins/com.st.stm32cube.ide.mcu.externaltools.gnu-tools-for-stm32.7-2018-q2-update.win32_1.4.0.202007081208/tools/bin/../lib/gcc/arm-none-eabi/7.3.1/../../../../arm-none-eabi/lib/thumb/v7-m\libc_nano.a(lib_a-exit.o)
                              c:/st/stm32cubeide_1.4.0/stm32cubeide/plugins/com.st.stm32cube.ide.mcu.externaltools.gnu-tools-for-stm32.7-2018-q2-update.win32_1.4.0.202007081208/tools/bin/../lib/gcc/arm-none-eabi/7.3.1/../../../../arm-none-eabi/lib/thumb/v7-m/crt0.o (exit)
c:/st/stm32cubeide_1.4.0/stm32cubeide/plugins/com.st.stm32cube.ide.mcu.externaltools.gnu-tools-for-stm32.7-2018-q2-update.win32_1.4.0.202007081208/tools/bin/../lib/gcc/arm-none-eabi/7.3.1/../../../../arm-none-eabi/lib/thumb/v7-m\libc_nano.a(lib_a-impure.o)
                              c:/st/stm32cubeide_1.4.0/stm32cubeide/plugins/com.st.stm32cube.ide.mcu.externaltools.gnu-tools-for-stm32.7-2018-q2-update.win32_1.4.0.202007081208/tools/bin/../lib/gcc/arm-none-eabi/7.3.1/../../../../arm-none-eabi/lib/thumb/v7-m\libc_nano.a(lib_a-exit.o) (_global_impure_ptr)
c:/st/stm32cubeide_1.4.0/stm32cubeide/plugins/com.st.stm32cube.ide.mcu.externaltools.gnu-tools-for-stm32.7-2018-q2-update.win32_1.4.0.202007081208/tools/bin/../lib/gcc/arm-none-eabi/7.3.1/../../../../arm-none-eabi/lib/thumb/v7-m\libc_nano.a(lib_a-init.o)
                              c:/st/stm32cubeide_1.4.0/stm32cubeide/plugins/com.st.stm32cube.ide.mcu.externaltools.gnu-tools-for-stm32.7-2018-q2-update.win32_1.4.0.202007081208/tools/bin/../lib/gcc/arm-none-eabi/7.3.1/../../../../arm-none-eabi/lib/thumb/v7-m/crt0.o (__libc_init_array)
c:/st/stm32cubeide_1.4.0/stm32cubeide/plugins/com.st.stm32cube.ide.mcu.externaltools.gnu-tools-for-stm32.7-2018-q2-update.win32_1.4.0.202007081208/tools/bin/../lib/gcc/arm-none-eabi/7.3.1/../../../../arm-none-eabi/lib/thumb/v7-m\libc_nano.a(lib_a-memset.o)
                              c:/st/stm32cubeide_1.4.0/stm32cubeide/plugins/com.st.stm32cube.ide.mcu.externaltools.gnu-tools-for-stm32.7-2018-q2-update.win32_1.4.0.202007081208/tools/bin/../lib/gcc/arm-none-eabi/7.3.1/../../../../arm-none-eabi/lib/thumb/v7-m/crt0.o (memset)
c:/st/stm32cubeide_1.4.0/stm32cubeide/plugins/com.st.stm32cube.ide.mcu.externaltools.gnu-tools-for-stm32.7-2018-q2-update.win32_1.4.0.202007081208/tools/bin/../lib/gcc/arm-none-eabi/7.3.1/../../../../arm-none-eabi/lib/thumb/v7-m\libc_nano.a(lib_a-nano-vfprintf_float.o)
                              (_printf_float)
c:/st/stm32cubeide_1.4.0/stm32cubeide/plugins/com.st.stm32cube.ide.mcu.externaltools.gnu-tools-for-stm32.7-2018-q2-update.win32_1.4.0.202007081208/tools/bin/../lib/gcc/arm-none-eabi/7.3.1/../../../../arm-none-eabi/lib/thumb/v7-m\libc_nano.a(lib_a-nano-vfprintf_i.o)
                              c:/st/stm32cubeide_1.4.0/stm32cubeide/plugins/com.st.stm32cube.ide.mcu.externaltools.gnu-tools-for-stm32.7-2018-q2-update.win32_1.4.0.202007081208/tools/bin/../lib/gcc/arm-none-eabi/7.3.1/../../../../arm-none-eabi/lib/thumb/v7-m\libc_nano.a(lib_a-nano-vfprintf_float.o) (_printf_common)
c:/st/stm32cubeide_1.4.0/stm32cubeide/plugins/com.st.stm32cube.ide.mcu.externaltools.gnu-tools-for-stm32.7-2018-q2-update.win32_1.4.0.202007081208/tools/bin/../lib/gcc/arm-none-eabi/7.3.1/../../../../arm-none-eabi/lib/thumb/v7-m\libc_nano.a(lib_a-sprintf.o)
                              Core/Src/main.o (sprintf)
c:/st/stm32cubeide_1.4.0/stm32cubeide/plugins/com.st.stm32cube.ide.mcu.externaltools.gnu-tools-for-stm32.7-2018-q2-update.win32_1.4.0.202007081208/tools/bin/../lib/gcc/arm-none-eabi/7.3.1/../../../../arm-none-eabi/lib/thumb/v7-m\libc_nano.a(lib_a-strlen.o)
                              Core/Src/main.o (strlen)
c:/st/stm32cubeide_1.4.0/stm32cubeide/plugins/com.st.stm32cube.ide.mcu.externaltools.gnu-tools-for-stm32.7-2018-q2-update.win32_1.4.0.202007081208/tools/bin/../lib/gcc/arm-none-eabi/7.3.1/../../../../arm-none-eabi/lib/thumb/v7-m\libc_nano.a(lib_a-dtoa.o)
                              c:/st/stm32cubeide_1.4.0/stm32cubeide/plugins/com.st.stm32cube.ide.mcu.externaltools.gnu-tools-for-stm32.7-2018-q2-update.win32_1.4.0.202007081208/tools/bin/../lib/gcc/arm-none-eabi/7.3.1/../../../../arm-none-eabi/lib/thumb/v7-m\libc_nano.a(lib_a-nano-vfprintf_float.o) (_dtoa_r)
c:/st/stm32cubeide_1.4.0/stm32cubeide/plugins/com.st.stm32cube.ide.mcu.externaltools.gnu-tools-for-stm32.7-2018-q2-update.win32_1.4.0.202007081208/tools/bin/../lib/gcc/arm-none-eabi/7.3.1/../../../../arm-none-eabi/lib/thumb/v7-m\libc_nano.a(lib_a-localeconv.o)
[...]
Memory Configuration

Name             Origin             Length             Attributes
RAM              0x0000000020000000 0x0000000000005000 xrw
FLASH            0x0000000008000000 0x0000000000010000 xr
*default*        0x0000000000000000 0xffffffffffffffff

Linker script and memory map

LOAD c:/st/stm32cubeide_1.4.0/stm32cubeide/plugins/com.st.stm32cube.ide.mcu.externaltools.gnu-tools-for-stm32.7-2018-q2-update.win32_1.4.0.202007081208/tools/bin/../lib/gcc/arm-none-eabi/7.3.1/thumb/v7-m/crti.o
LOAD c:/st/stm32cubeide_1.4.0/stm32cubeide/plugins/com.st.stm32cube.ide.mcu.externaltools.gnu-tools-for-stm32.7-2018-q2-update.win32_1.4.0.202007081208/tools/bin/../lib/gcc/arm-none-eabi/7.3.1/thumb/v7-m/crtbegin.o
LOAD c:/st/stm32cubeide_1.4.0/stm32cubeide/plugins/com.st.stm32cube.ide.mcu.externaltools.gnu-tools-for-stm32.7-2018-q2-update.win32_1.4.0.202007081208/tools/bin/../lib/gcc/arm-none-eabi/7.3.1/../../../../arm-none-eabi/lib/thumb/v7-m/crt0.o
LOAD Core/Src/MS5611.o
LOAD Core/Src/fatfs_sd.o
LOAD Core/Src/main.o
LOAD Core/Src/stm32f1xx_hal_msp.o
LOAD Core/Src/stm32f1xx_it.o
LOAD Core/Src/syscalls.o
LOAD Core/Src/sysmem.o
LOAD Core/Src/system_stm32f1xx.o
LOAD Core/Startup/startup_stm32f103c8tx.o
LOAD Drivers/STM32F1xx_HAL_Driver/Src/stm32f1xx_hal.o
LOAD Drivers/STM32F1xx_HAL_Driver/Src/stm32f1xx_hal_cortex.o
LOAD Drivers/STM32F1xx_HAL_Driver/Src/stm32f1xx_hal_dma.o
LOAD Drivers/STM32F1xx_HAL_Driver/Src/stm32f1xx_hal_exti.o
LOAD Drivers/STM32F1xx_HAL_Driver/Src/stm32f1xx_hal_flash.o
LOAD Drivers/STM32F1xx_HAL_Driver/Src/stm32f1xx_hal_flash_ex.o
LOAD Drivers/STM32F1xx_HAL_Driver/Src/stm32f1xx_hal_gpio.o
LOAD Drivers/STM32F1xx_HAL_Driver/Src/stm32f1xx_hal_gpio_ex.o
LOAD Drivers/STM32F1xx_HAL_Driver/Src/stm32f1xx_hal_i2c.o
LOAD Drivers/STM32F1xx_HAL_Driver/Src/stm32f1xx_hal_pwr.o
LOAD Drivers/STM32F1xx_HAL_Driver/Src/stm32f1xx_hal_rcc.o
LOAD Drivers/STM32F1xx_HAL_Driver/Src/stm32f1xx_hal_rcc_ex.o
LOAD Drivers/STM32F1xx_HAL_Driver/Src/stm32f1xx_hal_spi.o
LOAD Drivers/STM32F1xx_HAL_Driver/Src/stm32f1xx_hal_tim.o
LOAD Drivers/STM32F1xx_HAL_Driver/Src/stm32f1xx_hal_tim_ex.o
LOAD Drivers/STM32F1xx_HAL_Driver/Src/stm32f1xx_hal_uart.o
LOAD FATFS/App/fatfs.o
LOAD FATFS/Target/user_diskio.o
LOAD Middlewares/Third_Party/FatFs/src/diskio.o
LOAD Middlewares/Third_Party/FatFs/src/ff.o
LOAD Middlewares/Third_Party/FatFs/src/ff_gen_drv.o
LOAD Middlewares/Third_Party/FatFs/src/option/ccsbcs.o
LOAD Middlewares/Third_Party/FatFs/src/option/syscall.o
START GROUP
LOAD c:/st/stm32cubeide_1.4.0/stm32cubeide/plugins/com.st.stm32cube.ide.mcu.externaltools.gnu-tools-for-stm32.7-2018-q2-update.win32_1.4.0.202007081208/tools/bin/../lib/gcc/arm-none-eabi/7.3.1/../../../../arm-none-eabi/lib/thumb/v7-m\libc_nano.a
LOAD c:/st/stm32cubeide_1.4.0/stm32cubeide/plugins/com.st.stm32cube.ide.mcu.externaltools.gnu-tools-for-stm32.7-2018-q2-update.win32_1.4.0.202007081208/tools/bin/../lib/gcc/arm-none-eabi/7.3.1/../../../../arm-none-eabi/lib/thumb/v7-m\libm.a
END GROUP
START GROUP
LOAD c:/st/stm32cubeide_1.4.0/stm32cubeide/plugins/com.st.stm32cube.ide.mcu.externaltools.gnu-tools-for-stm32.7-2018-q2-update.win32_1.4.0.202007081208/tools/bin/../lib/gcc/arm-none-eabi/7.3.1/thumb/v7-m\libgcc.a
LOAD c:/st/stm32cubeide_1.4.0/stm32cubeide/plugins/com.st.stm32cube.ide.mcu.externaltools.gnu-tools-for-stm32.7-2018-q2-update.win32_1.4.0.202007081208/tools/bin/../lib/gcc/arm-none-eabi/7.3.1/../../../../arm-none-eabi/lib/thumb/v7-m\libc_nano.a
END GROUP
START GROUP
LOAD c:/st/stm32cubeide_1.4.0/stm32cubeide/plugins/com.st.stm32cube.ide.mcu.externaltools.gnu-tools-for-stm32.7-2018-q2-update.win32_1.4.0.202007081208/tools/bin/../lib/gcc/arm-none-eabi/7.3.1/thumb/v7-m\libgcc.a
LOAD c:/st/stm32cubeide_1.4.0/stm32cubeide/plugins/com.st.stm32cube.ide.mcu.externaltools.gnu-tools-for-stm32.7-2018-q2-update.win32_1.4.0.202007081208/tools/bin/../lib/gcc/arm-none-eabi/7.3.1/../../../../arm-none-eabi/lib/thumb/v7-m\libc_nano.a
LOAD c:/st/stm32cubeide_1.4.0/stm32cubeide/plugins/com.st.stm32cube.ide.mcu.externaltools.gnu-tools-for-stm32.7-2018-q2-update.win32_1.4.0.202007081208/tools/bin/../lib/gcc/arm-none-eabi/7.3.1/../../../../arm-none-eabi/lib/thumb/v7-m\libnosys.a
END GROUP
START GROUP
LOAD c:/st/stm32cubeide_1.4.0/stm32cubeide/plugins/com.st.stm32cube.ide.mcu.externaltools.gnu-tools-for-stm32.7-2018-q2-update.win32_1.4.0.202007081208/tools/bin/../lib/gcc/arm-none-eabi/7.3.1/thumb/v7-m\libgcc.a
LOAD c:/st/stm32cubeide_1.4.0/stm32cubeide/plugins/com.st.stm32cube.ide.mcu.externaltools.gnu-tools-for-stm32.7-2018-q2-update.win32_1.4.0.202007081208/tools/bin/../lib/gcc/arm-none-eabi/7.3.1/../../../../arm-none-eabi/lib/thumb/v7-m\libc_nano.a
LOAD c:/st/stm32cubeide_1.4.0/stm32cubeide/plugins/com.st.stm32cube.ide.mcu.externaltools.gnu-tools-for-stm32.7-2018-q2-update.win32_1.4.0.202007081208/tools/bin/../lib/gcc/arm-none-eabi/7.3.1/../../../../arm-none-eabi/lib/thumb/v7-m\libnosys.a
END GROUP
LOAD c:/st/stm32cubeide_1.4.0/stm32cubeide/plugins/com.st.stm32cube.ide.mcu.externaltools.gnu-tools-for-stm32.7-2018-q2-update.win32_1.4.0.202007081208/tools/bin/../lib/gcc/arm-none-eabi/7.3.1/thumb/v7-m/crtend.o
LOAD c:/st/stm32cubeide_1.4.0/stm32cubeide/plugins/com.st.stm32cube.ide.mcu.externaltools.gnu-tools-for-stm32.7-2018-q2-update.win32_1.4.0.202007081208/tools/bin/../lib/gcc/arm-none-eabi/7.3.1/thumb/v7-m/crtn.o
                0x0000000020005000                _estack = (ORIGIN (RAM) + LENGTH (RAM))
                0x0000000000000200                _Min_Heap_Size = 0x200
                0x0000000000000400                _Min_Stack_Size = 0x400

.isr_vector     0x0000000008000000      0x10c
                0x0000000008000000                . = ALIGN (0x4)
 *(.isr_vector)
 .isr_vector    0x0000000008000000      0x10c Core/Startup/startup_stm32f103c8tx.o
                0x0000000008000000                g_pfnVectors
                0x000000000800010c                . = ALIGN (0x4)

.text           0x0000000008000110     0xce30
                0x0000000008000110                . = ALIGN (0x4)
 *(.text)
 .text          0x0000000008000110       0x40 c:/st/stm32cubeide_1.4.0/stm32cubeide/plugins/com.st.stm32cube.ide.mcu.externaltools.gnu-tools-for-stm32.7-2018-q2-update.win32_1.4.0.202007081208/tools/bin/../lib/gcc/arm-none-eabi/7.3.1/thumb/v7-m/crtbegin.o
 .text          0x0000000008000150       0x10 c:/st/stm32cubeide_1.4.0/stm32cubeide/plugins/com.st.stm32cube.ide.mcu.externaltools.gnu-tools-for-stm32.7-2018-q2-update.win32_1.4.0.202007081208/tools/bin/../lib/gcc/arm-none-eabi/7.3.1/../../../../arm-none-eabi/lib/thumb/v7-m\libc_nano.a(lib_a-strlen.o)
                0x0000000008000150                strlen
 .text          0x0000000008000160      0x378 c:/st/stm32cubeide_1.4.0/stm32cubeide/plugins/com.st.stm32cube.ide.mcu.externaltools.gnu-tools-for-stm32.7-2018-q2-update.win32_1.4.0.202007081208/tools/bin/../lib/gcc/arm-none-eabi/7.3.1/thumb/v7-m\libgcc.a(_arm_addsubdf3.o)
                0x0000000008000160                __aeabi_drsub
                0x0000000008000168                __aeabi_dsub
                0x0000000008000168                __subdf3
                0x000000000800016c                __aeabi_dadd
                0x000000000800016c                __adddf3
                0x00000000080003e4                __floatunsidf
                0x00000000080003e4                __aeabi_ui2d
                0x0000000008000404                __floatsidf
                0x0000000008000404                __aeabi_i2d
                0x0000000008000428                __aeabi_f2d
                0x0000000008000428                __extendsfdf2
                0x000000000800046c                __floatundidf
                0x000000000800046c                __aeabi_ul2d
                0x000000000800047c                __floatdidf
                0x000000000800047c                __aeabi_l2d
 .text          0x00000000080004d8      0x424 c:/st/stm32cubeide_1.4.0/stm32cubeide/plugins/com.st.stm32cube.ide.mcu.externaltools.gnu-tools-for-stm32.7-2018-q2-update.win32_1.4.0.202007081208/tools/bin/../lib/gcc/arm-none-eabi/7.3.1/thumb/v7-m\libgcc.a(_arm_muldivdf3.o)
                0x00000000080004d8                __aeabi_dmul
                0x00000000080004d8                __muldf3
                0x000000000800072c                __divdf3
                0x000000000800072c                __aeabi_ddiv
 .text          0x00000000080008fc      0x110 c:/st/stm32cubeide_1.4.0/stm32cubeide/plugins/com.st.stm32cube.ide.mcu.externaltools.gnu-tools-for-stm32.7-2018-q2-update.win32_1.4.0.202007081208/tools/bin/../lib/gcc/arm-none-eabi/7.3.1/thumb/v7-m\libgcc.a(_arm_cmpdf2.o)
                0x00000000080008fc                __gtdf2
                0x00000000080008fc                __gedf2
                0x0000000008000904                __ltdf2
                0x0000000008000904                __ledf2
                0x000000000800090c                __nedf2
                0x000000000800090c                __eqdf2
                0x000000000800090c                __cmpdf2
                0x0000000008000988                __aeabi_cdrcmple
                0x0000000008000998                __aeabi_cdcmpeq
                0x0000000008000998                __aeabi_cdcmple
                0x00000000080009a8                __aeabi_dcmpeq
                0x00000000080009bc                __aeabi_dcmplt
                0x00000000080009d0                __aeabi_dcmple
                0x00000000080009e4                __aeabi_dcmpge
                0x00000000080009f8                __aeabi_dcmpgt
 .text          0x0000000008000a0c       0x2c c:/st/stm32cubeide_1.4.0/stm32cubeide/plugins/com.st.stm32cube.ide.mcu.externaltools.gnu-tools-for-stm32.7-2018-q2-update.win32_1.4.0.202007081208/tools/bin/../lib/gcc/arm-none-eabi/7.3.1/thumb/v7-m\libgcc.a(_arm_unorddf2.o)
                0x0000000008000a0c                __unorddf2
                0x0000000008000a0c                __aeabi_dcmpun
 .text          0x0000000008000a38       0x50 c:/st/stm32cubeide_1.4.0/stm32cubeide/plugins/com.st.stm32cube.ide.mcu.externaltools.gnu-tools-for-stm32.7-2018-q2-update.win32_1.4.0.202007081208/tools/bin/../lib/gcc/arm-none-eabi/7.3.1/thumb/v7-m\libgcc.a(_arm_fixdfsi.o)
                0x0000000008000a38                __aeabi_d2iz
                0x0000000008000a38                __fixdfsi
 .text          0x0000000008000a88       0x40 c:/st/stm32cubeide_1.4.0/stm32cubeide/plugins/com.st.stm32cube.ide.mcu.externaltools.gnu-tools-for-stm32.7-2018-q2-update.win32_1.4.0.202007081208/tools/bin/../lib/gcc/arm-none-eabi/7.3.1/thumb/v7-m\libgcc.a(_arm_fixunsdfsi.o)
                0x0000000008000a88                __aeabi_d2uiz
                0x0000000008000a88                __fixunsdfsi
 .text          0x0000000008000ac8       0xa0 c:/st/stm32cubeide_1.4.0/stm32cubeide/plugins/com.st.stm32cube.ide.mcu.externaltools.gnu-tools-for-stm32.7-2018-q2-update.win32_1.4.0.202007081208/tools/bin/../lib/gcc/arm-none-eabi/7.3.1/thumb/v7-m\libgcc.a(_arm_truncdfsf2.o)
                0x0000000008000ac8                __truncdfsf2
                0x0000000008000ac8                __aeabi_d2f
 .text          0x0000000008000b68      0x21c c:/st/stm32cubeide_1.4.0/stm32cubeide/plugins/com.st.stm32cube.ide.mcu.externaltools.gnu-tools-for-stm32.7-2018-q2-update.win32_1.4.0.202007081208/tools/bin/../lib/gcc/arm-none-eabi/7.3.1/thumb/v7-m\libgcc.a(_arm_addsubsf3.o)
                0x0000000008000b68                __aeabi_frsub
                0x0000000008000b70                __subsf3
                0x0000000008000b70                __aeabi_fsub
                0x0000000008000b74                __aeabi_fadd
                0x0000000008000b74                __addsf3
                0x0000000008000cd4                __aeabi_ui2f
                0x0000000008000cd4                __floatunsisf
                0x0000000008000cdc                __aeabi_i2f
                0x0000000008000cdc                __floatsisf
                0x0000000008000cf8                __aeabi_ul2f
                0x0000000008000cf8                __floatundisf
                0x0000000008000d08                __aeabi_l2f
                0x0000000008000d08                __floatdisf
 .text          0x0000000008000d84      0x2a0 c:/st/stm32cubeide_1.4.0/stm32cubeide/plugins/com.st.stm32cube.ide.mcu.externaltools.gnu-tools-for-stm32.7-2018-q2-update.win32_1.4.0.202007081208/tools/bin/../lib/gcc/arm-none-eabi/7.3.1/thumb/v7-m\libgcc.a(_arm_muldivsf3.o)
                0x0000000008000d84                __mulsf3
                0x0000000008000d84                __aeabi_fmul
                0x0000000008000eec                __aeabi_fdiv
                0x0000000008000eec                __divsf3
 .text          0x0000000008001024       0xec c:/st/stm32cubeide_1.4.0/stm32cubeide/plugins/com.st.stm32cube.ide.mcu.externaltools.gnu-tools-for-stm32.7-2018-q2-update.win32_1.4.0.202007081208/tools/bin/../lib/gcc/arm-none-eabi/7.3.1/thumb/v7-m\libgcc.a(_arm_cmpsf2.o)
                0x0000000008001024                __gesf2
                0x0000000008001024                __gtsf2
                0x000000000800102c                __lesf2
                0x000000000800102c                __ltsf2
                0x0000000008001034                __nesf2
                0x0000000008001034                __eqsf2
                0x0000000008001034                __cmpsf2
                0x0000000008001094                __aeabi_cfrcmple
                0x000000000800109c                __aeabi_cfcmpeq
                0x000000000800109c                __aeabi_cfcmple
                0x00000000080010ac                __aeabi_fcmpeq
                0x00000000080010c0                __aeabi_fcmplt
                0x00000000080010d4                __aeabi_fcmple
                0x00000000080010e8                __aeabi_fcmpge
                0x00000000080010fc                __aeabi_fcmpgt
 .text          0x0000000008001110       0x28 c:/st/stm32cubeide_1.4.0/stm32cubeide/plugins/com.st.stm32cube.ide.mcu.externaltools.gnu-tools-for-stm32.7-2018-q2-update.win32_1.4.0.202007081208/tools/bin/../lib/gcc/arm-none-eabi/7.3.1/thumb/v7-m\libgcc.a(_fixsfdi.o)
                0x0000000008001110                __fixsfdi
                0x0000000008001110                __aeabi_f2lz
 .text          0x0000000008001138       0x48 c:/st/stm32cubeide_1.4.0/stm32cubeide/plugins/com.st.stm32cube.ide.mcu.externaltools.gnu-tools-for-stm32.7-2018-q2-update.win32_1.4.0.202007081208/tools/bin/../lib/gcc/arm-none-eabi/7.3.1/thumb/v7-m\libgcc.a(_fixunssfdi.o)
                0x0000000008001138                __fixunssfdi
                0x0000000008001138                __aeabi_f2ulz
 *(.text*)
 .text.MS5611_Init
                0x0000000008001180      0x228 Core/Src/MS5611.o
                0x0000000008001180                MS5611_Init
 .text.MS5611_ReadTemperature
                0x00000000080013a8      0x12c Core/Src/MS5611.o
                0x00000000080013a8                MS5611_ReadTemperature
 .text.MS5611_ReadPressure
                0x00000000080014d4      0x278 Core/Src/MS5611.o
                0x00000000080014d4                MS5611_ReadPressure
 *fill*         0x000000000800174c        0x4 
 .text.MS5611_ReadAltitude
                0x0000000008001750       0xb8 Core/Src/MS5611.o
                0x0000000008001750                MS5611_ReadAltitude
 .text.MS5611_ReadMedian_Altitude
                0x0000000008001808       0x4e Core/Src/MS5611.o
                0x0000000008001808                MS5611_ReadMedian_Altitude
 .text.Array_sort_MS
                0x0000000008001856       0xac Core/Src/MS5611.o
                0x0000000008001856                Array_sort_MS
 *fill*         0x0000000008001902        0x2 
 .text.SELECT   0x0000000008001904       0x18 Core/Src/fatfs_sd.o
 .text.DESELECT
                0x000000000800191c       0x18 Core/Src/fatfs_sd.o
 .text.SPI_TxByte
                0x0000000008001934       0x34 Core/Src/fatfs_sd.o
 .text.SPI_RxByte
                0x0000000008001968       0x3c Core/Src/fatfs_sd.o
 .text.SPI_RxBytePtr
                0x00000000080019a4       0x1c Core/Src/fatfs_sd.o
 .text.SD_ReadyWait
                0x00000000080019c0       0x38 Core/Src/fatfs_sd.o
 .text.SD_PowerOn
                0x00000000080019f8       0x98 Core/Src/fatfs_sd.o
 .text.SD_PowerOff
                0x0000000008001a90       0x18 Core/Src/fatfs_sd.o
 .text.SD_CheckPower
                0x0000000008001aa8       0x14 Core/Src/fatfs_sd.o
 .text.SD_RxDataBlock
                0x0000000008001abc       0x6c Core/Src/fatfs_sd.o
 .text.SD_TxDataBlock
                0x0000000008001b28       0xa8 Core/Src/fatfs_sd.o
 .text.SD_SendCmd
                0x0000000008001bd0       0xa4 Core/Src/fatfs_sd.o
 .text.SD_disk_initialize
                0x0000000008001c74      0x1d4 Core/Src/fatfs_sd.o
                0x0000000008001c74                SD_disk_initialize
 .text.SD_disk_status
                0x0000000008001e48       0x28 Core/Src/fatfs_sd.o
                0x0000000008001e48                SD_disk_status
 .text.SD_disk_read
                0x0000000008001e70       0xd4 Core/Src/fatfs_sd.o
                0x0000000008001e70                SD_disk_read
 .text.SD_disk_write
                0x0000000008001f44      0x108 Core/Src/fatfs_sd.o
                0x0000000008001f44                SD_disk_write
 .text.SD_disk_ioctl
                0x000000000800204c      0x25c Core/Src/fatfs_sd.o
                0x000000000800204c                SD_disk_ioctl
 .text.send_uart
                0x00000000080022a8       0x30 Core/Src/main.o
                0x00000000080022a8                send_uart
 .text.bufclear
                0x00000000080022d8       0x34 Core/Src/main.o
                0x00000000080022d8                bufclear
 .text.main     0x000000000800230c      0x344 Core/Src/main.o
                0x000000000800230c                main
 .text.SystemClock_Config
                0x0000000008002650       0x8c Core/Src/main.o
                0x0000000008002650                SystemClock_Config
 .text.MX_I2C1_Init
                0x00000000080026dc       0x5c Core/Src/main.o
 .text.MX_SPI2_Init
                0x0000000008002738       0x6c Core/Src/main.o
 .text.MX_TIM2_Init
                0x00000000080027a4       0x98 Core/Src/main.o
 .text.MX_USART1_UART_Init
                0x000000000800283c       0x54 Core/Src/main.o
 .text.MX_USART2_UART_Init
                0x0000000008002890       0x54 Core/Src/main.o
 .text.MX_GPIO_Init
                0x00000000080028e4       0xc0 Core/Src/main.o
 .text.Error_Handler
                0x00000000080029a4        0xc Core/Src/main.o
                0x00000000080029a4                Error_Handler
 .text.HAL_MspInit
                0x00000000080029b0       0x64 Core/Src/stm32f1xx_hal_msp.o
                0x00000000080029b0                HAL_MspInit
 .text.HAL_I2C_MspInit
                0x0000000008002a14       0xa0 Core/Src/stm32f1xx_hal_msp.o
                0x0000000008002a14                HAL_I2C_MspInit
 .text.HAL_SPI_MspInit
                0x0000000008002ab4       0x98 Core/Src/stm32f1xx_hal_msp.o
                0x0000000008002ab4                HAL_SPI_MspInit
 .text.HAL_TIM_Base_MspInit
                0x0000000008002b4c       0x48 Core/Src/stm32f1xx_hal_msp.o
                0x0000000008002b4c                HAL_TIM_Base_MspInit
 .text.HAL_UART_MspInit
                0x0000000008002b94      0x148 Core/Src/stm32f1xx_hal_msp.o
                0x0000000008002b94                HAL_UART_MspInit
 .text.SDTimer_Handler
                0x0000000008002cdc       0x44 Core/Src/stm32f1xx_it.o
                0x0000000008002cdc                SDTimer_Handler
 .text.NMI_Handler
                0x0000000008002d20        0xc Core/Src/stm32f1xx_it.o
                0x0000000008002d20                NMI_Handler
 .text.HardFault_Handler
                0x0000000008002d2c        0x6 Core/Src/stm32f1xx_it.o
                0x0000000008002d2c                HardFault_Handler
 .text.MemManage_Handler
                0x0000000008002d32        0x6 Core/Src/stm32f1xx_it.o
                0x0000000008002d32                MemManage_Handler
 .text.BusFault_Handler
                0x0000000008002d38        0x6 Core/Src/stm32f1xx_it.o
                0x0000000008002d38                BusFault_Handler
 .text.UsageFault_Handler
                0x0000000008002d3e        0x6 Core/Src/stm32f1xx_it.o
                0x0000000008002d3e                UsageFault_Handler
 .text.SVC_Handler
                0x0000000008002d44        0xc Core/Src/stm32f1xx_it.o
                0x0000000008002d44                SVC_Handler
 .text.DebugMon_Handler
                0x0000000008002d50        0xc Core/Src/stm32f1xx_it.o
                0x0000000008002d50                DebugMon_Handler
 .text.PendSV_Handler
                0x0000000008002d5c        0xc Core/Src/stm32f1xx_it.o
                0x0000000008002d5c                PendSV_Handler
 .text.SysTick_Handler
                0x0000000008002d68       0x34 Core/Src/stm32f1xx_it.o
                0x0000000008002d68                SysTick_Handler
 .text.TIM2_IRQHandler
                0x0000000008002d9c       0x1c Core/Src/stm32f1xx_it.o
                0x0000000008002d9c                TIM2_IRQHandler
 .text.USART1_IRQHandler
                0x0000000008002db8       0x64 Core/Src/stm32f1xx_it.o
                0x0000000008002db8                USART1_IRQHandler
 .text.USART2_IRQHandler
                0x0000000008002e1c       0x14 Core/Src/stm32f1xx_it.o
                0x0000000008002e1c                USART2_IRQHandler
 .text._sbrk    0x0000000008002e30       0x6c Core/Src/sysmem.o
                0x0000000008002e30                _sbrk
 .text.SystemInit
                0x0000000008002e9c        0xc Core/Src/system_stm32f1xx.o
                0x0000000008002e9c                SystemInit
 .text.Reset_Handler
                0x0000000008002ea8       0x48 Core/Startup/startup_stm32f103c8tx.o
                0x0000000008002ea8                Reset_Handler
 .text.Default_Handler
                0x0000000008002ef0        0x2 Core/Startup/startup_stm32f103c8tx.o
                0x0000000008002ef0                RTC_Alarm_IRQHandler
                0x0000000008002ef0                EXTI2_IRQHandler
                0x0000000008002ef0                TIM1_CC_IRQHandler
                0x0000000008002ef0                PVD_IRQHandler
                0x0000000008002ef0                EXTI3_IRQHandler
                0x0000000008002ef0                EXTI0_IRQHandler
                0x0000000008002ef0                I2C2_EV_IRQHandler
                0x0000000008002ef0                ADC1_2_IRQHandler
                0x0000000008002ef0                SPI1_IRQHandler
                0x0000000008002ef0                TAMPER_IRQHandler
                0x0000000008002ef0                DMA1_Channel4_IRQHandler
                0x0000000008002ef0                USART3_IRQHandler
                0x0000000008002ef0                RTC_IRQHandler
                0x0000000008002ef0                DMA1_Channel7_IRQHandler
                0x0000000008002ef0                CAN1_RX1_IRQHandler
                0x0000000008002ef0                TIM4_IRQHandler
                0x0000000008002ef0                I2C1_EV_IRQHandler
                0x0000000008002ef0                DMA1_Channel6_IRQHandler
                0x0000000008002ef0                TIM3_IRQHandler
                0x0000000008002ef0                RCC_IRQHandler
                0x0000000008002ef0                TIM1_TRG_COM_IRQHandler
                0x0000000008002ef0                DMA1_Channel1_IRQHandler
                0x0000000008002ef0                Default_Handler
                0x0000000008002ef0                EXTI15_10_IRQHandler
                0x0000000008002ef0                EXTI9_5_IRQHandler
                0x0000000008002ef0                SPI2_IRQHandler
                0x0000000008002ef0                DMA1_Channel5_IRQHandler
                0x0000000008002ef0                EXTI4_IRQHandler
                0x0000000008002ef0                USB_LP_CAN1_RX0_IRQHandler
                0x0000000008002ef0                USB_HP_CAN1_TX_IRQHandler
                0x0000000008002ef0                DMA1_Channel3_IRQHandler
                0x0000000008002ef0                TIM1_UP_IRQHandler
                0x0000000008002ef0                WWDG_IRQHandler
                0x0000000008002ef0                TIM1_BRK_IRQHandler
                0x0000000008002ef0                EXTI1_IRQHandler
                0x0000000008002ef0                I2C2_ER_IRQHandler
                0x0000000008002ef0                DMA1_Channel2_IRQHandler
                0x0000000008002ef0                CAN1_SCE_IRQHandler
                0x0000000008002ef0                FLASH_IRQHandler
                0x0000000008002ef0                I2C1_ER_IRQHandler
                0x0000000008002ef0                USBWakeUp_IRQHandler
 *fill*         0x0000000008002ef2        0x2 
 .text.HAL_Init
                0x0000000008002ef4       0x2c Drivers/STM32F1xx_HAL_Driver/Src/stm32f1xx_hal.o
                0x0000000008002ef4                HAL_Init
 .text.HAL_InitTick
                0x0000000008002f20       0x60 Drivers/STM32F1xx_HAL_Driver/Src/stm32f1xx_hal.o
                0x0000000008002f20                HAL_InitTick
 .text.HAL_IncTick
                0x0000000008002f80       0x24 Drivers/STM32F1xx_HAL_Driver/Src/stm32f1xx_hal.o
                0x0000000008002f80                HAL_IncTick
 .text.HAL_GetTick
                0x0000000008002fa4       0x14 Drivers/STM32F1xx_HAL_Driver/Src/stm32f1xx_hal.o
                0x0000000008002fa4                HAL_GetTick
 .text.HAL_Delay
                0x0000000008002fb8       0x44 Drivers/STM32F1xx_HAL_Driver/Src/stm32f1xx_hal.o
                0x0000000008002fb8                HAL_Delay
 .text.__NVIC_SetPriorityGrouping
                0x0000000008002ffc       0x48 Drivers/STM32F1xx_HAL_Driver/Src/stm32f1xx_hal_cortex.o
 .text.__NVIC_GetPriorityGrouping
                0x0000000008003044       0x1c Drivers/STM32F1xx_HAL_Driver/Src/stm32f1xx_hal_cortex.o
 .text.__NVIC_EnableIRQ
                0x0000000008003060       0x38 Drivers/STM32F1xx_HAL_Driver/Src/stm32f1xx_hal_cortex.o
 .text.__NVIC_SetPriority
                0x0000000008003098       0x54 Drivers/STM32F1xx_HAL_Driver/Src/stm32f1xx_hal_cortex.o
 .text.NVIC_EncodePriority
                0x00000000080030ec       0x64 Drivers/STM32F1xx_HAL_Driver/Src/stm32f1xx_hal_cortex.o
 .text.SysTick_Config
                0x0000000008003150       0x44 Drivers/STM32F1xx_HAL_Driver/Src/stm32f1xx_hal_cortex.o
 .text.HAL_NVIC_SetPriorityGrouping
                0x0000000008003194       0x16 Drivers/STM32F1xx_HAL_Driver/Src/stm32f1xx_hal_cortex.o
                0x0000000008003194                HAL_NVIC_SetPriorityGrouping
 .text.HAL_NVIC_SetPriority
                0x00000000080031aa       0x38 Drivers/STM32F1xx_HAL_Driver/Src/stm32f1xx_hal_cortex.o
                0x00000000080031aa                HAL_NVIC_SetPriority
 .text.HAL_NVIC_EnableIRQ
                0x00000000080031e2       0x1c Drivers/STM32F1xx_HAL_Driver/Src/stm32f1xx_hal_cortex.o
                0x00000000080031e2                HAL_NVIC_EnableIRQ
 .text.HAL_SYSTICK_Config
                0x00000000080031fe       0x18 Drivers/STM32F1xx_HAL_Driver/Src/stm32f1xx_hal_cortex.o
                0x00000000080031fe                HAL_SYSTICK_Config
 .text.HAL_DMA_Abort
                0x0000000008003216       0x74 Drivers/STM32F1xx_HAL_Driver/Src/stm32f1xx_hal_dma.o
                0x0000000008003216                HAL_DMA_Abort
 *fill*         0x000000000800328a        0x2 
 .text.HAL_DMA_Abort_IT
                0x000000000800328c       0xec Drivers/STM32F1xx_HAL_Driver/Src/stm32f1xx_hal_dma.o
                0x000000000800328c                HAL_DMA_Abort_IT
 .text.HAL_GPIO_Init
                0x0000000008003378      0x2b4 Drivers/STM32F1xx_HAL_Driver/Src/stm32f1xx_hal_gpio.o
                0x0000000008003378                HAL_GPIO_Init
 .text.HAL_GPIO_WritePin
                0x000000000800362c       0x30 Drivers/STM32F1xx_HAL_Driver/Src/stm32f1xx_hal_gpio.o
                0x000000000800362c                HAL_GPIO_WritePin
 .text.HAL_GPIO_TogglePin
                0x000000000800365c       0x32 Drivers/STM32F1xx_HAL_Driver/Src/stm32f1xx_hal_gpio.o
                0x000000000800365c                HAL_GPIO_TogglePin
 *fill*         0x000000000800368e        0x2 
 .text.HAL_I2C_Init
                0x0000000008003690      0x270 Drivers/STM32F1xx_HAL_Driver/Src/stm32f1xx_hal_i2c.o
                0x0000000008003690                HAL_I2C_Init
 .text.HAL_I2C_Master_Transmit
                0x0000000008003900      0x1fc Drivers/STM32F1xx_HAL_Driver/Src/stm32f1xx_hal_i2c.o
                0x0000000008003900                HAL_I2C_Master_Transmit
 .text.HAL_I2C_Master_Receive
                0x0000000008003afc      0x4b4 Drivers/STM32F1xx_HAL_Driver/Src/stm32f1xx_hal_i2c.o
                0x0000000008003afc                HAL_I2C_Master_Receive
 .text.HAL_I2C_IsDeviceReady
                0x0000000008003fb0      0x25c Drivers/STM32F1xx_HAL_Driver/Src/stm32f1xx_hal_i2c.o
                0x0000000008003fb0                HAL_I2C_IsDeviceReady
 .text.I2C_MasterRequestWrite
                0x000000000800420c      0x104 Drivers/STM32F1xx_HAL_Driver/Src/stm32f1xx_hal_i2c.o
 .text.I2C_MasterRequestRead
                0x0000000008004310      0x19c Drivers/STM32F1xx_HAL_Driver/Src/stm32f1xx_hal_i2c.o
 .text.I2C_WaitOnFlagUntilTimeout
                0x00000000080044ac       0xae Drivers/STM32F1xx_HAL_Driver/Src/stm32f1xx_hal_i2c.o
 .text.I2C_WaitOnMasterAddressFlagUntilTimeout
                0x000000000800455a       0xfe Drivers/STM32F1xx_HAL_Driver/Src/stm32f1xx_hal_i2c.o
 .text.I2C_WaitOnTXEFlagUntilTimeout
                0x0000000008004658       0x82 Drivers/STM32F1xx_HAL_Driver/Src/stm32f1xx_hal_i2c.o
 .text.I2C_WaitOnBTFFlagUntilTimeout
                0x00000000080046da       0x82 Drivers/STM32F1xx_HAL_Driver/Src/stm32f1xx_hal_i2c.o
 .text.I2C_WaitOnRXNEFlagUntilTimeout
                0x000000000800475c       0xac Drivers/STM32F1xx_HAL_Driver/Src/stm32f1xx_hal_i2c.o
 .text.I2C_IsAcknowledgeFailed
                0x0000000008004808       0x5c Drivers/STM32F1xx_HAL_Driver/Src/stm32f1xx_hal_i2c.o
 .text.HAL_RCC_OscConfig
                0x0000000008004864      0x500 Drivers/STM32F1xx_HAL_Driver/Src/stm32f1xx_hal_rcc.o
                0x0000000008004864                HAL_RCC_OscConfig
 .text.HAL_RCC_ClockConfig
                0x0000000008004d64      0x1d4 Drivers/STM32F1xx_HAL_Driver/Src/stm32f1xx_hal_rcc.o
                0x0000000008004d64                HAL_RCC_ClockConfig
 .text.HAL_RCC_GetSysClockFreq
                0x0000000008004f38       0xc4 Drivers/STM32F1xx_HAL_Driver/Src/stm32f1xx_hal_rcc.o
                0x0000000008004f38                HAL_RCC_GetSysClockFreq
 .text.HAL_RCC_GetHCLKFreq
                0x0000000008004ffc       0x14 Drivers/STM32F1xx_HAL_Driver/Src/stm32f1xx_hal_rcc.o
                0x0000000008004ffc                HAL_RCC_GetHCLKFreq
 .text.HAL_RCC_GetPCLK1Freq
                0x0000000008005010       0x28 Drivers/STM32F1xx_HAL_Driver/Src/stm32f1xx_hal_rcc.o
                0x0000000008005010                HAL_RCC_GetPCLK1Freq
 .text.HAL_RCC_GetPCLK2Freq
                0x0000000008005038       0x28 Drivers/STM32F1xx_HAL_Driver/Src/stm32f1xx_hal_rcc.o
                0x0000000008005038                HAL_RCC_GetPCLK2Freq
 .text.RCC_Delay
                0x0000000008005060       0x3c Drivers/STM32F1xx_HAL_Driver/Src/stm32f1xx_hal_rcc.o
 .text.HAL_SPI_Init
                0x000000000800509c      0x108 Drivers/STM32F1xx_HAL_Driver/Src/stm32f1xx_hal_spi.o
                0x000000000800509c                HAL_SPI_Init
 .text.HAL_SPI_Transmit
                0x00000000080051a4      0x278 Drivers/STM32F1xx_HAL_Driver/Src/stm32f1xx_hal_spi.o
                0x00000000080051a4                HAL_SPI_Transmit
 .text.HAL_SPI_TransmitReceive
                0x000000000800541c      0x344 Drivers/STM32F1xx_HAL_Driver/Src/stm32f1xx_hal_spi.o
                0x000000000800541c                HAL_SPI_TransmitReceive
 .text.HAL_SPI_GetState
                0x0000000008005760       0x1a Drivers/STM32F1xx_HAL_Driver/Src/stm32f1xx_hal_spi.o
                0x0000000008005760                HAL_SPI_GetState
 *fill*         0x000000000800577a        0x2 
 .text.SPI_WaitFlagStateUntilTimeout
                0x000000000800577c      0x110 Drivers/STM32F1xx_HAL_Driver/Src/stm32f1xx_hal_spi.o
 .text.SPI_EndRxTxTransaction
                0x000000000800588c       0x3c Drivers/STM32F1xx_HAL_Driver/Src/stm32f1xx_hal_spi.o
 .text.HAL_TIM_Base_Init
                0x00000000080058c8       0x9e Drivers/STM32F1xx_HAL_Driver/Src/stm32f1xx_hal_tim.o
                0x00000000080058c8                HAL_TIM_Base_Init
 .text.HAL_TIM_IRQHandler
                0x0000000008005966      0x210 Drivers/STM32F1xx_HAL_Driver/Src/stm32f1xx_hal_tim.o
                0x0000000008005966                HAL_TIM_IRQHandler
 .text.HAL_TIM_ConfigClockSource
                0x0000000008005b76      0x16e Drivers/STM32F1xx_HAL_Driver/Src/stm32f1xx_hal_tim.o
                0x0000000008005b76                HAL_TIM_ConfigClockSource
 .text.HAL_TIM_PeriodElapsedCallback
                0x0000000008005ce4       0x12 Drivers/STM32F1xx_HAL_Driver/Src/stm32f1xx_hal_tim.o
                0x0000000008005ce4                HAL_TIM_PeriodElapsedCallback
 .text.HAL_TIM_OC_DelayElapsedCallback
                0x0000000008005cf6       0x12 Drivers/STM32F1xx_HAL_Driver/Src/stm32f1xx_hal_tim.o
                0x0000000008005cf6                HAL_TIM_OC_DelayElapsedCallback
 .text.HAL_TIM_IC_CaptureCallback
                0x0000000008005d08       0x12 Drivers/STM32F1xx_HAL_Driver/Src/stm32f1xx_hal_tim.o
                0x0000000008005d08                HAL_TIM_IC_CaptureCallback
 .text.HAL_TIM_PWM_PulseFinishedCallback
                0x0000000008005d1a       0x12 Drivers/STM32F1xx_HAL_Driver/Src/stm32f1xx_hal_tim.o
                0x0000000008005d1a                HAL_TIM_PWM_PulseFinishedCallback
 .text.HAL_TIM_TriggerCallback
                0x0000000008005d2c       0x12 Drivers/STM32F1xx_HAL_Driver/Src/stm32f1xx_hal_tim.o
                0x0000000008005d2c                HAL_TIM_TriggerCallback
 *fill*         0x0000000008005d3e        0x2 
 .text.TIM_Base_SetConfig
                0x0000000008005d40       0xc4 Drivers/STM32F1xx_HAL_Driver/Src/stm32f1xx_hal_tim.o
                0x0000000008005d40                TIM_Base_SetConfig
 .text.TIM_TI1_ConfigInputStage
                0x0000000008005e04       0x5c Drivers/STM32F1xx_HAL_Driver/Src/stm32f1xx_hal_tim.o
 .text.TIM_TI2_ConfigInputStage
                0x0000000008005e60       0x5e Drivers/STM32F1xx_HAL_Driver/Src/stm32f1xx_hal_tim.o
 .text.TIM_ITRx_SetConfig
                0x0000000008005ebe       0x34 Drivers/STM32F1xx_HAL_Driver/Src/stm32f1xx_hal_tim.o
 .text.TIM_ETR_SetConfig
                0x0000000008005ef2       0x3e Drivers/STM32F1xx_HAL_Driver/Src/stm32f1xx_hal_tim.o
                0x0000000008005ef2                TIM_ETR_SetConfig
 .text.HAL_TIMEx_MasterConfigSynchronization
                0x0000000008005f30       0xbc Drivers/STM32F1xx_HAL_Driver/Src/stm32f1xx_hal_tim_ex.o
                0x0000000008005f30                HAL_TIMEx_MasterConfigSynchronization
 .text.HAL_TIMEx_CommutCallback
                0x0000000008005fec       0x12 Drivers/STM32F1xx_HAL_Driver/Src/stm32f1xx_hal_tim_ex.o
                0x0000000008005fec                HAL_TIMEx_CommutCallback
 .text.HAL_TIMEx_BreakCallback
                0x0000000008005ffe       0x12 Drivers/STM32F1xx_HAL_Driver/Src/stm32f1xx_hal_tim_ex.o
                0x0000000008005ffe                HAL_TIMEx_BreakCallback
 .text.HAL_UART_Init
                0x0000000008006010       0x9a Drivers/STM32F1xx_HAL_Driver/Src/stm32f1xx_hal_uart.o
                0x0000000008006010                HAL_UART_Init
 .text.HAL_UART_Transmit
                0x00000000080060aa      0x124 Drivers/STM32F1xx_HAL_Driver/Src/stm32f1xx_hal_uart.o
                0x00000000080060aa                HAL_UART_Transmit
 .text.HAL_UART_Receive_IT
                0x00000000080061ce       0x60 Drivers/STM32F1xx_HAL_Driver/Src/stm32f1xx_hal_uart.o
                0x00000000080061ce                HAL_UART_Receive_IT
 *fill*         0x000000000800622e        0x2 
 .text.HAL_UART_IRQHandler
                0x0000000008006230      0x358 Drivers/STM32F1xx_HAL_Driver/Src/stm32f1xx_hal_uart.o
                0x0000000008006230                HAL_UART_IRQHandler
 .text.HAL_UART_TxCpltCallback
                0x0000000008006588       0x12 Drivers/STM32F1xx_HAL_Driver/Src/stm32f1xx_hal_uart.o
                0x0000000008006588                HAL_UART_TxCpltCallback
 .text.HAL_UART_RxCpltCallback
                0x000000000800659a       0x12 Drivers/STM32F1xx_HAL_Driver/Src/stm32f1xx_hal_uart.o
                0x000000000800659a                HAL_UART_RxCpltCallback
 .text.HAL_UART_ErrorCallback
                0x00000000080065ac       0x12 Drivers/STM32F1xx_HAL_Driver/Src/stm32f1xx_hal_uart.o
                0x00000000080065ac                HAL_UART_ErrorCallback
 .text.HAL_UARTEx_RxEventCallback
                0x00000000080065be       0x16 Drivers/STM32F1xx_HAL_Driver/Src/stm32f1xx_hal_uart.o
                0x00000000080065be                HAL_UARTEx_RxEventCallback
 .text.UART_WaitOnFlagUntilTimeout
                0x00000000080065d4       0x94 Drivers/STM32F1xx_HAL_Driver/Src/stm32f1xx_hal_uart.o
 .text.UART_Start_Receive_IT
                0x0000000008006668       0x72 Drivers/STM32F1xx_HAL_Driver/Src/stm32f1xx_hal_uart.o
                0x0000000008006668                UART_Start_Receive_IT
 .text.UART_EndRxTransfer
                0x00000000080066da       0x58 Drivers/STM32F1xx_HAL_Driver/Src/stm32f1xx_hal_uart.o
 .text.UART_DMAAbortOnError
                0x0000000008006732       0x28 Drivers/STM32F1xx_HAL_Driver/Src/stm32f1xx_hal_uart.o
 .text.UART_Transmit_IT
                0x000000000800675a       0x9e Drivers/STM32F1xx_HAL_Driver/Src/stm32f1xx_hal_uart.o
 .text.UART_EndTransmit_IT
                0x00000000080067f8       0x30 Drivers/STM32F1xx_HAL_Driver/Src/stm32f1xx_hal_uart.o
 .text.UART_Receive_IT
                0x0000000008006828      0x152 Drivers/STM32F1xx_HAL_Driver/Src/stm32f1xx_hal_uart.o
 *fill*         0x000000000800697a        0x2 
 .text.UART_SetConfig
                0x000000000800697c      0x11c Drivers/STM32F1xx_HAL_Driver/Src/stm32f1xx_hal_uart.o
 .text.MX_FATFS_Init
                0x0000000008006a98       0x24 FATFS/App/fatfs.o
                0x0000000008006a98                MX_FATFS_Init
 .text.get_fattime
                0x0000000008006abc        0xe FATFS/App/fatfs.o
                0x0000000008006abc                get_fattime
 .text.USER_initialize
                0x0000000008006aca       0x1c FATFS/Target/user_diskio.o
                0x0000000008006aca                USER_initialize
 .text.USER_status
                0x0000000008006ae6       0x1c FATFS/Target/user_diskio.o
                0x0000000008006ae6                USER_status
 .text.USER_read
                0x0000000008006b02       0x26 FATFS/Target/user_diskio.o
                0x0000000008006b02                USER_read
 .text.USER_write
                0x0000000008006b28       0x26 FATFS/Target/user_diskio.o
                0x0000000008006b28                USER_write
 .text.USER_ioctl
                0x0000000008006b4e       0x26 FATFS/Target/user_diskio.o
                0x0000000008006b4e                USER_ioctl
 .text.disk_status
                0x0000000008006b74       0x34 Middlewares/Third_Party/FatFs/src/diskio.o
                0x0000000008006b74                disk_status
 .text.disk_initialize
                0x0000000008006ba8       0x4c Middlewares/Third_Party/FatFs/src/diskio.o
                0x0000000008006ba8                disk_initialize
 .text.disk_read
                0x0000000008006bf4       0x40 Middlewares/Third_Party/FatFs/src/diskio.o
                0x0000000008006bf4                disk_read
 .text.disk_write
                0x0000000008006c34       0x40 Middlewares/Third_Party/FatFs/src/diskio.o
                0x0000000008006c34                disk_write
 .text.disk_ioctl
                0x0000000008006c74       0x3c Middlewares/Third_Party/FatFs/src/diskio.o
                0x0000000008006c74                disk_ioctl
 .text.mem_cpy  0x0000000008006cb0       0x3a Middlewares/Third_Party/FatFs/src/ff.o
 .text.mem_set  0x0000000008006cea       0x32 Middlewares/Third_Party/FatFs/src/ff.o
 .text.mem_cmp  0x0000000008006d1c       0x4c Middlewares/Third_Party/FatFs/src/ff.o
 .text.chk_chr  0x0000000008006d68       0x34 Middlewares/Third_Party/FatFs/src/ff.o
 .text.chk_lock
                0x0000000008006d9c       0xd8 Middlewares/Third_Party/FatFs/src/ff.o
 .text.enq_lock
                0x0000000008006e74       0x48 Middlewares/Third_Party/FatFs/src/ff.o
 .text.inc_lock
                0x0000000008006ebc      0x16c Middlewares/Third_Party/FatFs/src/ff.o
 .text.dec_lock
                0x0000000008007028       0x88 Middlewares/Third_Party/FatFs/src/ff.o
 .text.clear_lock
                0x00000000080070b0       0x50 Middlewares/Third_Party/FatFs/src/ff.o
 .text.sync_window
                0x0000000008007100       0x92 Middlewares/Third_Party/FatFs/src/ff.o
 .text.move_window
                0x0000000008007192       0x5c Middlewares/Third_Party/FatFs/src/ff.o
 .text.sync_fs  0x00000000080071ee      0x15a Middlewares/Third_Party/FatFs/src/ff.o
 .text.clust2sect
                0x0000000008007348       0x42 Middlewares/Third_Party/FatFs/src/ff.o
                0x0000000008007348                clust2sect
 .text.get_fat  0x000000000800738a      0x16e Middlewares/Third_Party/FatFs/src/ff.o
                0x000000000800738a                get_fat
 .text.put_fat  0x00000000080074f8      0x216 Middlewares/Third_Party/FatFs/src/ff.o
                0x00000000080074f8                put_fat
 .text.remove_chain
                0x000000000800770e       0xb4 Middlewares/Third_Party/FatFs/src/ff.o
 .text.create_chain
                0x00000000080077c2      0x13a Middlewares/Third_Party/FatFs/src/ff.o
 .text.clmt_clust
                0x00000000080078fc       0x68 Middlewares/Third_Party/FatFs/src/ff.o
 .text.dir_sdi  0x0000000008007964      0x128 Middlewares/Third_Party/FatFs/src/ff.o
 .text.dir_next
                0x0000000008007a8c      0x1ee Middlewares/Third_Party/FatFs/src/ff.o
 .text.dir_alloc
                0x0000000008007c7a       0x94 Middlewares/Third_Party/FatFs/src/ff.o
 .text.ld_clust
                0x0000000008007d0e       0x5a Middlewares/Third_Party/FatFs/src/ff.o
 .text.st_clust
                0x0000000008007d68       0x4c Middlewares/Third_Party/FatFs/src/ff.o
 .text.cmp_lfn  0x0000000008007db4       0xdc Middlewares/Third_Party/FatFs/src/ff.o
 .text.fit_lfn  0x0000000008007e90       0xe8 Middlewares/Third_Party/FatFs/src/ff.o
 .text.gen_numname
                0x0000000008007f78      0x11e Middlewares/Third_Party/FatFs/src/ff.o
 .text.sum_sfn  0x0000000008008096       0x40 Middlewares/Third_Party/FatFs/src/ff.o
 .text.dir_find
                0x00000000080080d6      0x180 Middlewares/Third_Party/FatFs/src/ff.o
 *fill*         0x0000000008008256        0x2 
 .text.dir_register
                0x0000000008008258      0x21c Middlewares/Third_Party/FatFs/src/ff.o
 .text.create_name
                0x0000000008008474      0x370 Middlewares/Third_Party/FatFs/src/ff.o
 .text.follow_path
                0x00000000080087e4       0xdc Middlewares/Third_Party/FatFs/src/ff.o
 .text.get_ldnumber
                0x00000000080088c0       0x86 Middlewares/Third_Party/FatFs/src/ff.o
 *fill*         0x0000000008008946        0x2 
 .text.check_fs
                0x0000000008008948       0xd4 Middlewares/Third_Party/FatFs/src/ff.o
 .text.find_volume
                0x0000000008008a1c      0x594 Middlewares/Third_Party/FatFs/src/ff.o
 .text.validate
                0x0000000008008fb0       0x66 Middlewares/Third_Party/FatFs/src/ff.o
 *fill*         0x0000000008009016        0x2 
 .text.f_mount  0x0000000008009018       0x90 Middlewares/Third_Party/FatFs/src/ff.o
                0x0000000008009018                f_mount
 .text.f_open   0x00000000080090a8      0x424 Middlewares/Third_Party/FatFs/src/ff.o
                0x00000000080090a8                f_open
 .text.f_write  0x00000000080094cc      0x35a Middlewares/Third_Party/FatFs/src/ff.o
                0x00000000080094cc                f_write
 .text.f_sync   0x0000000008009826      0x174 Middlewares/Third_Party/FatFs/src/ff.o
                0x0000000008009826                f_sync
 .text.f_close  0x000000000800999a       0x50 Middlewares/Third_Party/FatFs/src/ff.o
                0x000000000800999a                f_close
 .text.f_getfree
                0x00000000080099ea      0x19a Middlewares/Third_Party/FatFs/src/ff.o
                0x00000000080099ea                f_getfree
 .text.putc_bfd
                0x0000000008009b84       0x7a Middlewares/Third_Party/FatFs/src/ff.o
 .text.f_puts   0x0000000008009bfe       0x74 Middlewares/Third_Party/FatFs/src/ff.o
                0x0000000008009bfe                f_puts
 *fill*         0x0000000008009c72        0x2 
 .text.FATFS_LinkDriverEx
                0x0000000008009c74       0x94 Middlewares/Third_Party/FatFs/src/ff_gen_drv.o
                0x0000000008009c74                FATFS_LinkDriverEx
 .text.FATFS_LinkDriver
                0x0000000008009d08       0x1e Middlewares/Third_Party/FatFs/src/ff_gen_drv.o
                0x0000000008009d08                FATFS_LinkDriver
 *fill*         0x0000000008009d26        0x2 
 .text.ff_convert
                0x0000000008009d28       0x74 Middlewares/Third_Party/FatFs/src/option/ccsbcs.o
                0x0000000008009d28                ff_convert
 .text.ff_wtoupper
                0x0000000008009d9c       0x5c Middlewares/Third_Party/FatFs/src/option/ccsbcs.o
                0x0000000008009d9c                ff_wtoupper
 .text.__errno  0x0000000008009df8        0xc c:/st/stm32cubeide_1.4.0/stm32cubeide/plugins/com.st.stm32cube.ide.mcu.externaltools.gnu-tools-for-stm32.7-2018-q2-update.win32_1.4.0.202007081208/tools/bin/../lib/gcc/arm-none-eabi/7.3.1/../../../../arm-none-eabi/lib/thumb/v7-m\libc_nano.a(lib_a-errno.o)
                0x0000000008009df8                __errno
 .text.__libc_init_array
                0x0000000008009e04       0x48 c:/st/stm32cubeide_1.4.0/stm32cubeide/plugins/com.st.stm32cube.ide.mcu.externaltools.gnu-tools-for-stm32.7-2018-q2-update.win32_1.4.0.202007081208/tools/bin/../lib/gcc/arm-none-eabi/7.3.1/../../../../arm-none-eabi/lib/thumb/v7-m\libc_nano.a(lib_a-init.o)
                0x0000000008009e04                __libc_init_array
 .text.memset   0x0000000008009e4c       0x10 c:/st/stm32cubeide_1.4.0/stm32cubeide/plugins/com.st.stm32cube.ide.mcu.externaltools.gnu-tools-for-stm32.7-2018-q2-update.win32_1.4.0.202007081208/tools/bin/../lib/gcc/arm-none-eabi/7.3.1/../../../../arm-none-eabi/lib/thumb/v7-m\libc_nano.a(lib_a-memset.o)
                0x0000000008009e4c                memset
 .text.__cvt    0x0000000008009e5c       0xb8 c:/st/stm32cubeide_1.4.0/stm32cubeide/plugins/com.st.stm32cube.ide.mcu.externaltools.gnu-tools-for-stm32.7-2018-q2-update.win32_1.4.0.202007081208/tools/bin/../lib/gcc/arm-none-eabi/7.3.1/../../../../arm-none-eabi/lib/thumb/v7-m\libc_nano.a(lib_a-nano-vfprintf_float.o)
                0x0000000008009e5c                __cvt
 .text.__exponent
                0x0000000008009f14       0x6a c:/st/stm32cubeide_1.4.0/stm32cubeide/plugins/com.st.stm32cube.ide.mcu.externaltools.gnu-tools-for-stm32.7-2018-q2-update.win32_1.4.0.202007081208/tools/bin/../lib/gcc/arm-none-eabi/7.3.1/../../../../arm-none-eabi/lib/thumb/v7-m\libc_nano.a(lib_a-nano-vfprintf_float.o)
                0x0000000008009f14                __exponent
 *fill*         0x0000000008009f7e        0x2 
 .text._printf_float
                0x0000000008009f80      0x46c c:/st/stm32cubeide_1.4.0/stm32cubeide/plugins/com.st.stm32cube.ide.mcu.externaltools.gnu-tools-for-stm32.7-2018-q2-update.win32_1.4.0.202007081208/tools/bin/../lib/gcc/arm-none-eabi/7.3.1/../../../../arm-none-eabi/lib/thumb/v7-m\libc_nano.a(lib_a-nano-vfprintf_float.o)
                0x0000000008009f80                _printf_float
 .text._printf_common
                0x000000000800a3ec       0xec c:/st/stm32cubeide_1.4.0/stm32cubeide/plugins/com.st.stm32cube.ide.mcu.externaltools.gnu-tools-for-stm32.7-2018-q2-update.win32_1.4.0.202007081208/tools/bin/../lib/gcc/arm-none-eabi/7.3.1/../../../../arm-none-eabi/lib/thumb/v7-m\libc_nano.a(lib_a-nano-vfprintf_i.o)
                0x000000000800a3ec                _printf_common
 .text._printf_i
                0x000000000800a4d8      0x224 c:/st/stm32cubeide_1.4.0/stm32cubeide/plugins/com.st.stm32cube.ide.mcu.externaltools.gnu-tools-for-stm32.7-2018-q2-update.win32_1.4.0.202007081208/tools/bin/../lib/gcc/arm-none-eabi/7.3.1/../../../../arm-none-eabi/lib/thumb/v7-m\libc_nano.a(lib_a-nano-vfprintf_i.o)
                0x000000000800a4d8                _printf_i
 .text.sprintf  0x000000000800a6fc       0x40 c:/st/stm32cubeide_1.4.0/stm32cubeide/plugins/com.st.stm32cube.ide.mcu.externaltools.gnu-tools-for-stm32.7-2018-q2-update.win32_1.4.0.202007081208/tools/bin/../lib/gcc/arm-none-eabi/7.3.1/../../../../arm-none-eabi/lib/thumb/v7-m\libc_nano.a(lib_a-sprintf.o)
                0x000000000800a6fc                siprintf
                0x000000000800a6fc                sprintf
 .text.quorem   0x000000000800a73c      0x11c c:/st/stm32cubeide_1.4.0/stm32cubeide/plugins/com.st.stm32cube.ide.mcu.externaltools.gnu-tools-for-stm32.7-2018-q2-update.win32_1.4.0.202007081208/tools/bin/../lib/gcc/arm-none-eabi/7.3.1/../../../../arm-none-eabi/lib/thumb/v7-m\libc_nano.a(lib_a-dtoa.o)
 .text._dtoa_r  0x000000000800a858      0xb68 c:/st/stm32cubeide_1.4.0/stm32cubeide/plugins/com.st.stm32cube.ide.mcu.externaltools.gnu-tools-for-stm32.7-2018-q2-update.win32_1.4.0.202007081208/tools/bin/../lib/gcc/arm-none-eabi/7.3.1/../../../../arm-none-eabi/lib/thumb/v7-m\libc_nano.a(lib_a-dtoa.o)
                0x000000000800a858                _dtoa_r
 .text._localeconv_r
                0x000000000800b3c0       0x1c c:/st/stm32cubeide_1.4.0/stm32cubeide/plugins/com.st.stm32cube.ide.mcu.externaltools.gnu-tools-for-stm32.7-2018-q2-update.win32_1.4.0.202007081208/tools/bin/../lib/gcc/arm-none-eabi/7.3.1/../../../../arm-none-eabi/lib/thumb/v7-m\libc_nano.a(lib_a-localeconv.o)
                0x000000000800b3c0                _localeconv_r
 .text.malloc   0x000000000800b3dc       0x10 c:/st/stm32cubeide_1.4.0/stm32cubeide/plugins/com.st.stm32cube.ide.mcu.externaltools.gnu-tools-for-stm32.7-2018-q2-update.win32_1.4.0.202007081208/tools/bin/../lib/gcc/arm-none-eabi/7.3.1/../../../../arm-none-eabi/lib/thumb/v7-m\libc_nano.a(lib_a-malloc.o)
                0x000000000800b3dc                malloc
 .text.memchr   0x000000000800b3ec       0x1c c:/st/stm32cubeide_1.4.0/stm32cubeide/plugins/com.st.stm32cube.ide.mcu.externaltools.gnu-tools-for-stm32.7-2018-q2-update.win32_1.4.0.202007081208/tools/bin/../lib/gcc/arm-none-eabi/7.3.1/../../../../arm-none-eabi/lib/thumb/v7-m\libc_nano.a(lib_a-memchr-stub.o)
                0x000000000800b3ec                memchr
 .text.memcpy   0x000000000800b408       0x16 c:/st/stm32cubeide_1.4.0/stm32cubeide/plugins/com.st.stm32cube.ide.mcu.externaltools.gnu-tools-for-stm32.7-2018-q2-update.win32_1.4.0.202007081208/tools/bin/../lib/gcc/arm-none-eabi/7.3.1/../../../../arm-none-eabi/lib/thumb/v7-m\libc_nano.a(lib_a-memcpy-stub.o)
                0x000000000800b408                memcpy
 .text._Balloc  0x000000000800b41e       0x68 c:/st/stm32cubeide_1.4.0/stm32cubeide/plugins/com.st.stm32cube.ide.mcu.externaltools.gnu-tools-for-stm32.7-2018-q2-update.win32_1.4.0.202007081208/tools/bin/../lib/gcc/arm-none-eabi/7.3.1/../../../../arm-none-eabi/lib/thumb/v7-m\libc_nano.a(lib_a-mprec.o)
                0x000000000800b41e                _Balloc
 .text._Bfree   0x000000000800b486       0x2e c:/st/stm32cubeide_1.4.0/stm32cubeide/plugins/com.st.stm32cube.ide.mcu.externaltools.gnu-tools-for-stm32.7-2018-q2-update.win32_1.4.0.202007081208/tools/bin/../lib/gcc/arm-none-eabi/7.3.1/../../../../arm-none-eabi/lib/thumb/v7-m\libc_nano.a(lib_a-mprec.o)
                0x000000000800b486                _Bfree
 .text.__multadd
                0x000000000800b4b4       0x76 c:/st/stm32cubeide_1.4.0/stm32cubeide/plugins/com.st.stm32cube.ide.mcu.externaltools.gnu-tools-for-stm32.7-2018-q2-update.win32_1.4.0.202007081208/tools/bin/../lib/gcc/arm-none-eabi/7.3.1/../../../../arm-none-eabi/lib/thumb/v7-m\libc_nano.a(lib_a-mprec.o)
                0x000000000800b4b4                __multadd
 .text.__hi0bits
                0x000000000800b52a       0x3e c:/st/stm32cubeide_1.4.0/stm32cubeide/plugins/com.st.stm32cube.ide.mcu.externaltools.gnu-tools-for-stm32.7-2018-q2-update.win32_1.4.0.202007081208/tools/bin/../lib/gcc/arm-none-eabi/7.3.1/../../../../arm-none-eabi/lib/thumb/v7-m\libc_nano.a(lib_a-mprec.o)
                0x000000000800b52a                __hi0bits
 .text.__lo0bits
                0x000000000800b568       0x5e c:/st/stm32cubeide_1.4.0/stm32cubeide/plugins/com.st.stm32cube.ide.mcu.externaltools.gnu-tools-for-stm32.7-2018-q2-update.win32_1.4.0.202007081208/tools/bin/../lib/gcc/arm-none-eabi/7.3.1/../../../../arm-none-eabi/lib/thumb/v7-m\libc_nano.a(lib_a-mprec.o)
                0x000000000800b568                __lo0bits
 .text.__i2b    0x000000000800b5c6       0x12 c:/st/stm32cubeide_1.4.0/stm32cubeide/plugins/com.st.stm32cube.ide.mcu.externaltools.gnu-tools-for-stm32.7-2018-q2-update.win32_1.4.0.202007081208/tools/bin/../lib/gcc/arm-none-eabi/7.3.1/../../../../arm-none-eabi/lib/thumb/v7-m\libc_nano.a(lib_a-mprec.o)
                0x000000000800b5c6                __i2b
 .text.__multiply
                0x000000000800b5d8      0x12a c:/st/stm32cubeide_1.4.0/stm32cubeide/plugins/com.st.stm32cube.ide.mcu.externaltools.gnu-tools-for-stm32.7-2018-q2-update.win32_1.4.0.202007081208/tools/bin/../lib/gcc/arm-none-eabi/7.3.1/../../../../arm-none-eabi/lib/thumb/v7-m\libc_nano.a(lib_a-mprec.o)
                0x000000000800b5d8                __multiply
 *fill*         0x000000000800b702        0x2 
 .text.__pow5mult
                0x000000000800b704       0x9c c:/st/stm32cubeide_1.4.0/stm32cubeide/plugins/com.st.stm32cube.ide.mcu.externaltools.gnu-tools-for-stm32.7-2018-q2-update.win32_1.4.0.202007081208/tools/bin/../lib/gcc/arm-none-eabi/7.3.1/../../../../arm-none-eabi/lib/thumb/v7-m\libc_nano.a(lib_a-mprec.o)
                0x000000000800b704                __pow5mult
 .text.__lshift
                0x000000000800b7a0       0xa8 c:/st/stm32cubeide_1.4.0/stm32cubeide/plugins/com.st.stm32cube.ide.mcu.externaltools.gnu-tools-for-stm32.7-2018-q2-update.win32_1.4.0.202007081208/tools/bin/../lib/gcc/arm-none-eabi/7.3.1/../../../../arm-none-eabi/lib/thumb/v7-m\libc_nano.a(lib_a-mprec.o)
                0x000000000800b7a0                __lshift
 .text.__mcmp   0x000000000800b848       0x34 c:/st/stm32cubeide_1.4.0/stm32cubeide/plugins/com.st.stm32cube.ide.mcu.externaltools.gnu-tools-for-stm32.7-2018-q2-update.win32_1.4.0.202007081208/tools/bin/../lib/gcc/arm-none-eabi/7.3.1/../../../../arm-none-eabi/lib/thumb/v7-m\libc_nano.a(lib_a-mprec.o)
                0x000000000800b848                __mcmp
 .text.__mdiff  0x000000000800b87c       0xbc c:/st/stm32cubeide_1.4.0/stm32cubeide/plugins/com.st.stm32cube.ide.mcu.externaltools.gnu-tools-for-stm32.7-2018-q2-update.win32_1.4.0.202007081208/tools/bin/../lib/gcc/arm-none-eabi/7.3.1/../../../../arm-none-eabi/lib/thumb/v7-m\libc_nano.a(lib_a-mprec.o)
                0x000000000800b87c                __mdiff
 .text.__d2b    0x000000000800b938       0x9e c:/st/stm32cubeide_1.4.0/stm32cubeide/plugins/com.st.stm32cube.ide.mcu.externaltools.gnu-tools-for-stm32.7-2018-q2-update.win32_1.4.0.202007081208/tools/bin/../lib/gcc/arm-none-eabi/7.3.1/../../../../arm-none-eabi/lib/thumb/v7-m\libc_nano.a(lib_a-mprec.o)
                0x000000000800b938                __d2b
 .text._calloc_r
                0x000000000800b9d6       0x1c c:/st/stm32cubeide_1.4.0/stm32cubeide/plugins/com.st.stm32cube.ide.mcu.externaltools.gnu-tools-for-stm32.7-2018-q2-update.win32_1.4.0.202007081208/tools/bin/../lib/gcc/arm-none-eabi/7.3.1/../../../../arm-none-eabi/lib/thumb/v7-m\libc_nano.a(lib_a-nano-callocr.o)
                0x000000000800b9d6                _calloc_r
 *fill*         0x000000000800b9f2        0x2 
 .text._free_r  0x000000000800b9f4       0x98 c:/st/stm32cubeide_1.4.0/stm32cubeide/plugins/com.st.stm32cube.ide.mcu.externaltools.gnu-tools-for-stm32.7-2018-q2-update.win32_1.4.0.202007081208/tools/bin/../lib/gcc/arm-none-eabi/7.3.1/../../../../arm-none-eabi/lib/thumb/v7-m\libc_nano.a(lib_a-nano-freer.o)
                0x000000000800b9f4                _free_r
 .text._malloc_r
                0x000000000800ba8c       0xb4 c:/st/stm32cubeide_1.4.0/stm32cubeide/plugins/com.st.stm32cube.ide.mcu.externaltools.gnu-tools-for-stm32.7-2018-q2-update.win32_1.4.0.202007081208/tools/bin/../lib/gcc/arm-none-eabi/7.3.1/../../../../arm-none-eabi/lib/thumb/v7-m\libc_nano.a(lib_a-nano-mallocr.o)
                0x000000000800ba8c                _malloc_r
 .text.__ssputs_r
                0x000000000800bb40       0xb4 c:/st/stm32cubeide_1.4.0/stm32cubeide/plugins/com.st.stm32cube.ide.mcu.externaltools.gnu-tools-for-stm32.7-2018-q2-update.win32_1.4.0.202007081208/tools/bin/../lib/gcc/arm-none-eabi/7.3.1/../../../../arm-none-eabi/lib/thumb/v7-m\libc_nano.a(lib_a-nano-svfprintf.o)
                0x000000000800bb40                __ssputs_r
 .text._svfprintf_r
                0x000000000800bbf4      0x1f0 c:/st/stm32cubeide_1.4.0/stm32cubeide/plugins/com.st.stm32cube.ide.mcu.externaltools.gnu-tools-for-stm32.7-2018-q2-update.win32_1.4.0.202007081208/tools/bin/../lib/gcc/arm-none-eabi/7.3.1/../../../../arm-none-eabi/lib/thumb/v7-m\libc_nano.a(lib_a-nano-svfprintf.o)
                0x000000000800bbf4                _svfiprintf_r
                0x000000000800bbf4                _svfprintf_r
 .text._sbrk_r  0x000000000800bde4       0x20 c:/st/stm32cubeide_1.4.0/stm32cubeide/plugins/com.st.stm32cube.ide.mcu.externaltools.gnu-tools-for-stm32.7-2018-q2-update.win32_1.4.0.202007081208/tools/bin/../lib/gcc/arm-none-eabi/7.3.1/../../../../arm-none-eabi/lib/thumb/v7-m\libc_nano.a(lib_a-sbrkr.o)
                0x000000000800bde4                _sbrk_r
 .text.__ascii_mbtowc
                0x000000000800be04       0x24 c:/st/stm32cubeide_1.4.0/stm32cubeide/plugins/com.st.stm32cube.ide.mcu.externaltools.gnu-tools-for-stm32.7-2018-q2-update.win32_1.4.0.202007081208/tools/bin/../lib/gcc/arm-none-eabi/7.3.1/../../../../arm-none-eabi/lib/thumb/v7-m\libc_nano.a(lib_a-mbtowc_r.o)
                0x000000000800be04                __ascii_mbtowc
 .text.memmove  0x000000000800be28       0x32 c:/st/stm32cubeide_1.4.0/stm32cubeide/plugins/com.st.stm32cube.ide.mcu.externaltools.gnu-tools-for-stm32.7-2018-q2-update.win32_1.4.0.202007081208/tools/bin/../lib/gcc/arm-none-eabi/7.3.1/../../../../arm-none-eabi/lib/thumb/v7-m\libc_nano.a(lib_a-memmove.o)
                0x000000000800be28                memmove
 .text.__malloc_lock
                0x000000000800be5a        0x2 c:/st/stm32cubeide_1.4.0/stm32cubeide/plugins/com.st.stm32cube.ide.mcu.externaltools.gnu-tools-for-stm32.7-2018-q2-update.win32_1.4.0.202007081208/tools/bin/../lib/gcc/arm-none-eabi/7.3.1/../../../../arm-none-eabi/lib/thumb/v7-m\libc_nano.a(lib_a-mlock.o)
                0x000000000800be5a                __malloc_lock
 .text.__malloc_unlock
                0x000000000800be5c        0x2 c:/st/stm32cubeide_1.4.0/stm32cubeide/plugins/com.st.stm32cube.ide.mcu.externaltools.gnu-tools-for-stm32.7-2018-q2-update.win32_1.4.0.202007081208/tools/bin/../lib/gcc/arm-none-eabi/7.3.1/../../../../arm-none-eabi/lib/thumb/v7-m\libc_nano.a(lib_a-mlock.o)
                0x000000000800be5c                __malloc_unlock
 .text._realloc_r
                0x000000000800be5e       0x4c c:/st/stm32cubeide_1.4.0/stm32cubeide/plugins/com.st.stm32cube.ide.mcu.externaltools.gnu-tools-for-stm32.7-2018-q2-update.win32_1.4.0.202007081208/tools/bin/../lib/gcc/arm-none-eabi/7.3.1/../../../../arm-none-eabi/lib/thumb/v7-m\libc_nano.a(lib_a-nano-reallocr.o)
                0x000000000800be5e                _realloc_r
 .text.__ascii_wctomb
                0x000000000800beaa       0x1a c:/st/stm32cubeide_1.4.0/stm32cubeide/plugins/com.st.stm32cube.ide.mcu.externaltools.gnu-tools-for-stm32.7-2018-q2-update.win32_1.4.0.202007081208/tools/bin/../lib/gcc/arm-none-eabi/7.3.1/../../../../arm-none-eabi/lib/thumb/v7-m\libc_nano.a(lib_a-wctomb_r.o)
                0x000000000800beaa                __ascii_wctomb
 .text._malloc_usable_size_r
                0x000000000800bec4       0x10 c:/st/stm32cubeide_1.4.0/stm32cubeide/plugins/com.st.stm32cube.ide.mcu.externaltools.gnu-tools-for-stm32.7-2018-q2-update.win32_1.4.0.202007081208/tools/bin/../lib/gcc/arm-none-eabi/7.3.1/../../../../arm-none-eabi/lib/thumb/v7-m\libc_nano.a(lib_a-nano-msizer.o)
                0x000000000800bec4                _malloc_usable_size_r
 .text.pow      0x000000000800bed4      0x2b8 c:/st/stm32cubeide_1.4.0/stm32cubeide/plugins/com.st.stm32cube.ide.mcu.externaltools.gnu-tools-for-stm32.7-2018-q2-update.win32_1.4.0.202007081208/tools/bin/../lib/gcc/arm-none-eabi/7.3.1/../../../../arm-none-eabi/lib/thumb/v7-m\libm.a(lib_a-w_pow.o)
                0x000000000800bed4                pow
 *fill*         0x000000000800c18c        0x4 
 .text.__ieee754_pow
                0x000000000800c190      0xa14 c:/st/stm32cubeide_1.4.0/stm32cubeide/plugins/com.st.stm32cube.ide.mcu.externaltools.gnu-tools-for-stm32.7-2018-q2-update.win32_1.4.0.202007081208/tools/bin/../lib/gcc/arm-none-eabi/7.3.1/../../../../arm-none-eabi/lib/thumb/v7-m\libm.a(lib_a-e_pow.o)
                0x000000000800c190                __ieee754_pow
 .text.__ieee754_sqrt
                0x000000000800cba4      0x158 c:/st/stm32cubeide_1.4.0/stm32cubeide/plugins/com.st.stm32cube.ide.mcu.externaltools.gnu-tools-for-stm32.7-2018-q2-update.win32_1.4.0.202007081208/tools/bin/../lib/gcc/arm-none-eabi/7.3.1/../../../../arm-none-eabi/lib/thumb/v7-m\libm.a(lib_a-e_sqrt.o)
                0x000000000800cba4                __ieee754_sqrt
 .text.fabs     0x000000000800ccfc        0x8 c:/st/stm32cubeide_1.4.0/stm32cubeide/plugins/com.st.stm32cube.ide.mcu.externaltools.gnu-tools-for-stm32.7-2018-q2-update.win32_1.4.0.202007081208/tools/bin/../lib/gcc/arm-none-eabi/7.3.1/../../../../arm-none-eabi/lib/thumb/v7-m\libm.a(lib_a-s_fabs.o)
                0x000000000800ccfc                fabs
 .text.finite   0x000000000800cd04        0xc c:/st/stm32cubeide_1.4.0/stm32cubeide/plugins/com.st.stm32cube.ide.mcu.externaltools.gnu-tools-for-stm32.7-2018-q2-update.win32_1.4.0.202007081208/tools/bin/../lib/gcc/arm-none-eabi/7.3.1/../../../../arm-none-eabi/lib/thumb/v7-m\libm.a(lib_a-s_finite.o)
                0x000000000800cd04                finite
 .text.matherr  0x000000000800cd10        0x4 c:/st/stm32cubeide_1.4.0/stm32cubeide/plugins/com.st.stm32cube.ide.mcu.externaltools.gnu-tools-for-stm32.7-2018-q2-update.win32_1.4.0.202007081208/tools/bin/../lib/gcc/arm-none-eabi/7.3.1/../../../../arm-none-eabi/lib/thumb/v7-m\libm.a(lib_a-s_matherr.o)
                0x000000000800cd10                matherr
 .text.nan      0x000000000800cd14        0xc c:/st/stm32cubeide_1.4.0/stm32cubeide/plugins/com.st.stm32cube.ide.mcu.externaltools.gnu-tools-for-stm32.7-2018-q2-update.win32_1.4.0.202007081208/tools/bin/../lib/gcc/arm-none-eabi/7.3.1/../../../../arm-none-eabi/lib/thumb/v7-m\libm.a(lib_a-s_nan.o)
                0x000000000800cd14                nan
 .text.rint     0x000000000800cd20      0x114 c:/st/stm32cubeide_1.4.0/stm32cubeide/plugins/com.st.stm32cube.ide.mcu.externaltools.gnu-tools-for-stm32.7-2018-q2-update.win32_1.4.0.202007081208/tools/bin/../lib/gcc/arm-none-eabi/7.3.1/../../../../arm-none-eabi/lib/thumb/v7-m\libm.a(lib_a-s_rint.o)
                0x000000000800cd20                rint
 *fill*         0x000000000800ce34        0x4 
 .text.scalbn   0x000000000800ce38       0xdc c:/st/stm32cubeide_1.4.0/stm32cubeide/plugins/com.st.stm32cube.ide.mcu.externaltools.gnu-tools-for-stm32.7-2018-q2-update.win32_1.4.0.202007081208/tools/bin/../lib/gcc/arm-none-eabi/7.3.1/../../../../arm-none-eabi/lib/thumb/v7-m\libm.a(lib_a-s_scalbn.o)
                0x000000000800ce38                scalbn
 .text.copysign
                0x000000000800cf14       0x12 c:/st/stm32cubeide_1.4.0/stm32cubeide/plugins/com.st.stm32cube.ide.mcu.externaltools.gnu-tools-for-stm32.7-2018-q2-update.win32_1.4.0.202007081208/tools/bin/../lib/gcc/arm-none-eabi/7.3.1/../../../../arm-none-eabi/lib/thumb/v7-m\libm.a(lib_a-s_copysign.o)
                0x000000000800cf14                copysign
 *(.glue_7)
 .glue_7        0x000000000800cf26        0x0 linker stubs
 *(.glue_7t)
 .glue_7t       0x000000000800cf26        0x0 linker stubs
 *(.eh_frame)
 *fill*         0x000000000800cf26        0x2 
 .eh_frame      0x000000000800cf28        0x0 c:/st/stm32cubeide_1.4.0/stm32cubeide/plugins/com.st.stm32cube.ide.mcu.externaltools.gnu-tools-for-stm32.7-2018-q2-update.win32_1.4.0.202007081208/tools/bin/../lib/gcc/arm-none-eabi/7.3.1/thumb/v7-m/crtbegin.o
 *(.init)
 .init          0x000000000800cf28        0x4 c:/st/stm32cubeide_1.4.0/stm32cubeide/plugins/com.st.stm32cube.ide.mcu.externaltools.gnu-tools-for-stm32.7-2018-q2-update.win32_1.4.0.202007081208/tools/bin/../lib/gcc/arm-none-eabi/7.3.1/thumb/v7-m/crti.o
                0x000000000800cf28                _init
 .init          0x000000000800cf2c        0x8 c:/st/stm32cubeide_1.4.0/stm32cubeide/plugins/com.st.stm32cube.ide.mcu.externaltools.gnu-tools-for-stm32.7-2018-q2-update.win32_1.4.0.202007081208/tools/bin/../lib/gcc/arm-none-eabi/7.3.1/thumb/v7-m/crtn.o
 *(.fini)
 .fini          0x000000000800cf34        0x4 c:/st/stm32cubeide_1.4.0/stm32cubeide/plugins/com.st.stm32cube.ide.mcu.externaltools.gnu-tools-for-stm32.7-2018-q2-update.win32_1.4.0.202007081208/tools/bin/../lib/gcc/arm-none-eabi/7.3.1/thumb/v7-m/crti.o
                0x000000000800cf34                _fini
 .fini          0x000000000800cf38        0x8 c:/st/stm32cubeide_1.4.0/stm32cubeide/plugins/com.st.stm32cube.ide.mcu.externaltools.gnu-tools-for-stm32.7-2018-q2-update.win32_1.4.0.202007081208/tools/bin/../lib/gcc/arm-none-eabi/7.3.1/thumb/v7-m/crtn.o
                0x000000000800cf40                . = ALIGN (0x4)
                0x000000000800cf40                _etext = .

.vfp11_veneer   0x000000000800cf40        0x0
 .vfp11_veneer  0x000000000800cf40        0x0 linker stubs

.v4_bx          0x000000000800cf40        0x0
 .v4_bx         0x000000000800cf40        0x0 linker stubs

.iplt           0x000000000800cf40        0x0
 .iplt          0x000000000800cf40        0x0 c:/st/stm32cubeide_1.4.0/stm32cubeide/plugins/com.st.stm32cube.ide.mcu.externaltools.gnu-tools-for-stm32.7-2018-q2-update.win32_1.4.0.202007081208/tools/bin/../lib/gcc/arm-none-eabi/7.3.1/thumb/v7-m/crtbegin.o

.rodata         0x000000000800cf40      0x990
                0x000000000800cf40                . = ALIGN (0x4)
 *(.rodata)
 .rodata        0x000000000800cf40      0x124 Core/Src/main.o
 .rodata        0x000000000800d064       0x12 Drivers/STM32F1xx_HAL_Driver/Src/stm32f1xx_hal_rcc.o
 *fill*         0x000000000800d076        0x2 
 .rodata        0x000000000800d078       0x48 Middlewares/Third_Party/FatFs/src/ff.o
 *(.rodata*)
 .rodata.AHBPrescTable
                0x000000000800d0c0       0x10 Core/Src/system_stm32f1xx.o
                0x000000000800d0c0                AHBPrescTable
 .rodata.APBPrescTable
                0x000000000800d0d0        0x8 Core/Src/system_stm32f1xx.o
                0x000000000800d0d0                APBPrescTable
 .rodata.ExCvt  0x000000000800d0d8       0x80 Middlewares/Third_Party/FatFs/src/ff.o
 .rodata.LfnOfs
                0x000000000800d158        0xd Middlewares/Third_Party/FatFs/src/ff.o
 *fill*         0x000000000800d165        0x3 
 .rodata.Tbl    0x000000000800d168      0x100 Middlewares/Third_Party/FatFs/src/option/ccsbcs.o
 .rodata.tbl_lower.6662
                0x000000000800d268      0x1e0 Middlewares/Third_Party/FatFs/src/option/ccsbcs.o
 .rodata.tbl_upper.6663
                0x000000000800d448      0x1e0 Middlewares/Third_Party/FatFs/src/option/ccsbcs.o
 .rodata._printf_float.str1.1
                0x000000000800d628       0x12 c:/st/stm32cubeide_1.4.0/stm32cubeide/plugins/com.st.stm32cube.ide.mcu.externaltools.gnu-tools-for-stm32.7-2018-q2-update.win32_1.4.0.202007081208/tools/bin/../lib/gcc/arm-none-eabi/7.3.1/../../../../arm-none-eabi/lib/thumb/v7-m\libc_nano.a(lib_a-nano-vfprintf_float.o)
 .rodata._printf_i.str1.1
                0x000000000800d63a       0x22 c:/st/stm32cubeide_1.4.0/stm32cubeide/plugins/com.st.stm32cube.ide.mcu.externaltools.gnu-tools-for-stm32.7-2018-q2-update.win32_1.4.0.202007081208/tools/bin/../lib/gcc/arm-none-eabi/7.3.1/../../../../arm-none-eabi/lib/thumb/v7-m\libc_nano.a(lib_a-nano-vfprintf_i.o)
 .rodata._dtoa_r.str1.1
                0x000000000800d65c        0xd c:/st/stm32cubeide_1.4.0/stm32cubeide/plugins/com.st.stm32cube.ide.mcu.externaltools.gnu-tools-for-stm32.7-2018-q2-update.win32_1.4.0.202007081208/tools/bin/../lib/gcc/arm-none-eabi/7.3.1/../../../../arm-none-eabi/lib/thumb/v7-m\libc_nano.a(lib_a-dtoa.o)
                                          0xf (size before relaxing)
 *fill*         0x000000000800d669        0x7 
 .rodata.__mprec_bigtens
                0x000000000800d670       0x28 c:/st/stm32cubeide_1.4.0/stm32cubeide/plugins/com.st.stm32cube.ide.mcu.externaltools.gnu-tools-for-stm32.7-2018-q2-update.win32_1.4.0.202007081208/tools/bin/../lib/gcc/arm-none-eabi/7.3.1/../../../../arm-none-eabi/lib/thumb/v7-m\libc_nano.a(lib_a-mprec.o)
                0x000000000800d670                __mprec_bigtens
 .rodata.__mprec_tens
                0x000000000800d698       0xc8 c:/st/stm32cubeide_1.4.0/stm32cubeide/plugins/com.st.stm32cube.ide.mcu.externaltools.gnu-tools-for-stm32.7-2018-q2-update.win32_1.4.0.202007081208/tools/bin/../lib/gcc/arm-none-eabi/7.3.1/../../../../arm-none-eabi/lib/thumb/v7-m\libc_nano.a(lib_a-mprec.o)
                0x000000000800d698                __mprec_tens
 .rodata.p05.6084
                0x000000000800d760        0xc c:/st/stm32cubeide_1.4.0/stm32cubeide/plugins/com.st.stm32cube.ide.mcu.externaltools.gnu-tools-for-stm32.7-2018-q2-update.win32_1.4.0.202007081208/tools/bin/../lib/gcc/arm-none-eabi/7.3.1/../../../../arm-none-eabi/lib/thumb/v7-m\libc_nano.a(lib_a-mprec.o)
 .rodata._svfprintf_r.str1.1
                0x000000000800d76c       0x11 c:/st/stm32cubeide_1.4.0/stm32cubeide/plugins/com.st.stm32cube.ide.mcu.externaltools.gnu-tools-for-stm32.7-2018-q2-update.win32_1.4.0.202007081208/tools/bin/../lib/gcc/arm-none-eabi/7.3.1/../../../../arm-none-eabi/lib/thumb/v7-m\libc_nano.a(lib_a-nano-svfprintf.o)
 .rodata._setlocale_r.str1.1
                0x000000000800d77d        0x8 c:/st/stm32cubeide_1.4.0/stm32cubeide/plugins/com.st.stm32cube.ide.mcu.externaltools.gnu-tools-for-stm32.7-2018-q2-update.win32_1.4.0.202007081208/tools/bin/../lib/gcc/arm-none-eabi/7.3.1/../../../../arm-none-eabi/lib/thumb/v7-m\libc_nano.a(lib_a-locale.o)
                                          0x9 (size before relaxing)
 .rodata.str1.1
                0x000000000800d785        0x2 c:/st/stm32cubeide_1.4.0/stm32cubeide/plugins/com.st.stm32cube.ide.mcu.externaltools.gnu-tools-for-stm32.7-2018-q2-update.win32_1.4.0.202007081208/tools/bin/../lib/gcc/arm-none-eabi/7.3.1/../../../../arm-none-eabi/lib/thumb/v7-m\libc_nano.a(lib_a-locale.o)
 .rodata._ctype_
                0x000000000800d787      0x101 c:/st/stm32cubeide_1.4.0/stm32cubeide/plugins/com.st.stm32cube.ide.mcu.externaltools.gnu-tools-for-stm32.7-2018-q2-update.win32_1.4.0.202007081208/tools/bin/../lib/gcc/arm-none-eabi/7.3.1/../../../../arm-none-eabi/lib/thumb/v7-m\libc_nano.a(lib_a-ctype_.o)
                0x000000000800d787                _ctype_
 .rodata.pow.str1.1
                0x000000000800d888        0x4 c:/st/stm32cubeide_1.4.0/stm32cubeide/plugins/com.st.stm32cube.ide.mcu.externaltools.gnu-tools-for-stm32.7-2018-q2-update.win32_1.4.0.202007081208/tools/bin/../lib/gcc/arm-none-eabi/7.3.1/../../../../arm-none-eabi/lib/thumb/v7-m\libm.a(lib_a-w_pow.o)
 .rodata.__ieee754_pow.str1.1
                0x000000000800d88c        0x1 c:/st/stm32cubeide_1.4.0/stm32cubeide/plugins/com.st.stm32cube.ide.mcu.externaltools.gnu-tools-for-stm32.7-2018-q2-update.win32_1.4.0.202007081208/tools/bin/../lib/gcc/arm-none-eabi/7.3.1/../../../../arm-none-eabi/lib/thumb/v7-m\libm.a(lib_a-e_pow.o)
 *fill*         0x000000000800d88c        0x4 
 .rodata.bp     0x000000000800d890       0x10 c:/st/stm32cubeide_1.4.0/stm32cubeide/plugins/com.st.stm32cube.ide.mcu.externaltools.gnu-tools-for-stm32.7-2018-q2-update.win32_1.4.0.202007081208/tools/bin/../lib/gcc/arm-none-eabi/7.3.1/../../../../arm-none-eabi/lib/thumb/v7-m\libm.a(lib_a-e_pow.o)
 .rodata.dp_h   0x000000000800d8a0       0x10 c:/st/stm32cubeide_1.4.0/stm32cubeide/plugins/com.st.stm32cube.ide.mcu.externaltools.gnu-tools-for-stm32.7-2018-q2-update.win32_1.4.0.202007081208/tools/bin/../lib/gcc/arm-none-eabi/7.3.1/../../../../arm-none-eabi/lib/thumb/v7-m\libm.a(lib_a-e_pow.o)
 .rodata.dp_l   0x000000000800d8b0       0x10 c:/st/stm32cubeide_1.4.0/stm32cubeide/plugins/com.st.stm32cube.ide.mcu.externaltools.gnu-tools-for-stm32.7-2018-q2-update.win32_1.4.0.202007081208/tools/bin/../lib/gcc/arm-none-eabi/7.3.1/../../../../arm-none-eabi/lib/thumb/v7-m\libm.a(lib_a-e_pow.o)
 .rodata.TWO52  0x000000000800d8c0       0x10 c:/st/stm32cubeide_1.4.0/stm32cubeide/plugins/com.st.stm32cube.ide.mcu.externaltools.gnu-tools-for-stm32.7-2018-q2-update.win32_1.4.0.202007081208/tools/bin/../lib/gcc/arm-none-eabi/7.3.1/../../../../arm-none-eabi/lib/thumb/v7-m\libm.a(lib_a-s_rint.o)
                0x000000000800d8d0                . = ALIGN (0x4)

.rel.dyn        0x000000000800d8d0        0x0
 .rel.iplt      0x000000000800d8d0        0x0 c:/st/stm32cubeide_1.4.0/stm32cubeide/plugins/com.st.stm32cube.ide.mcu.externaltools.gnu-tools-for-stm32.7-2018-q2-update.win32_1.4.0.202007081208/tools/bin/../lib/gcc/arm-none-eabi/7.3.1/thumb/v7-m/crtbegin.o

.ARM.extab      0x000000000800d8d0        0x0
                0x000000000800d8d0                . = ALIGN (0x4)
 *(.ARM.extab* .gnu.linkonce.armextab.*)
                0x000000000800d8d0                . = ALIGN (0x4)

.ARM            0x000000000800d8d0        0x0
                0x000000000800d8d0                . = ALIGN (0x4)
                0x000000000800d8d0                __exidx_start = .
 *(.ARM.exidx*)
                0x000000000800d8d0                __exidx_end = .
                0x000000000800d8d0                . = ALIGN (0x4)

.preinit_array  0x000000000800d8d0        0x0
                0x000000000800d8d0                . = ALIGN (0x4)
                0x000000000800d8d0                PROVIDE (__preinit_array_start = .)
 *(.preinit_array*)
                0x000000000800d8d0                PROVIDE (__preinit_array_end = .)
                0x000000000800d8d0                . = ALIGN (0x4)

.init_array     0x000000000800d8d0        0x4
                0x000000000800d8d0                . = ALIGN (0x4)
                0x000000000800d8d0                PROVIDE (__init_array_start = .)
 *(SORT_BY_NAME(.init_array.*))
 *(.init_array*)
 .init_array    0x000000000800d8d0        0x4 c:/st/stm32cubeide_1.4.0/stm32cubeide/plugins/com.st.stm32cube.ide.mcu.externaltools.gnu-tools-for-stm32.7-2018-q2-update.win32_1.4.0.202007081208/tools/bin/../lib/gcc/arm-none-eabi/7.3.1/thumb/v7-m/crtbegin.o
                0x000000000800d8d4                PROVIDE (__init_array_end = .)
                0x000000000800d8d4                . = ALIGN (0x4)

.fini_array     0x000000000800d8d4        0x4
                0x000000000800d8d4                . = ALIGN (0x4)
                [!provide]                        PROVIDE (__fini_array_start = .)
 *(SORT_BY_NAME(.fini_array.*))
 *(.fini_array*)
 .fini_array    0x000000000800d8d4        0x4 c:/st/stm32cubeide_1.4.0/stm32cubeide/plugins/com.st.stm32cube.ide.mcu.externaltools.gnu-tools-for-stm32.7-2018-q2-update.win32_1.4.0.202007081208/tools/bin/../lib/gcc/arm-none-eabi/7.3.1/thumb/v7-m/crtbegin.o
                [!provide]                        PROVIDE (__fini_array_end = .)
                0x000000000800d8d8                . = ALIGN (0x4)
                0x000000000800d8d8                _sidata = LOADADDR (.data)

.data           0x0000000020000000      0x210 load address 0x000000000800d8d8
                0x0000000020000000                . = ALIGN (0x4)
                0x0000000020000000                _sdata = .
 *(.data)
 *(.data*)
 .data.D1_4096  0x0000000020000000        0x1 Core/Src/MS5611.o
                0x0000000020000000                D1_4096
 .data.D2_4096  0x0000000020000001        0x1 Core/Src/MS5611.o
                0x0000000020000001                D2_4096
 .data.Read_PROMFAB
                0x0000000020000002        0x1 Core/Src/MS5611.o
                0x0000000020000002                Read_PROMFAB
 .data.Read_PROMC1
                0x0000000020000003        0x1 Core/Src/MS5611.o
                0x0000000020000003                Read_PROMC1
 .data.Read_PROMC2
                0x0000000020000004        0x1 Core/Src/MS5611.o
                0x0000000020000004                Read_PROMC2
 .data.Read_PROMC3
                0x0000000020000005        0x1 Core/Src/MS5611.o
                0x0000000020000005                Read_PROMC3
 .data.Read_PROMC4
                0x0000000020000006        0x1 Core/Src/MS5611.o
                0x0000000020000006                Read_PROMC4
 .data.Read_PROMC5
                0x0000000020000007        0x1 Core/Src/MS5611.o
                0x0000000020000007                Read_PROMC5
 .data.Read_PROMC6
                0x0000000020000008        0x1 Core/Src/MS5611.o
                0x0000000020000008                Read_PROMC6
 .data.Read_PROMCRC
                0x0000000020000009        0x1 Core/Src/MS5611.o
                0x0000000020000009                Read_PROMCRC
 *fill*         0x000000002000000a        0x2 
 .data.P0       0x000000002000000c        0x4 Core/Src/MS5611.o
                0x000000002000000c                P0
 .data.pte      0x0000000020000010        0x4 Core/Src/MS5611.o
                0x0000000020000010                pte
 .data.Stat     0x0000000020000014        0x1 Core/Src/fatfs_sd.o
 *fill*         0x0000000020000015        0x3 
 .data.RX2_BUF  0x0000000020000018        0x4 Core/Src/main.o
                0x0000000020000018                RX2_BUF
 .data.SystemCoreClock
                0x000000002000001c        0x4 Core/Src/system_stm32f1xx.o
                0x000000002000001c                SystemCoreClock
 .data.uwTickPrio
                0x0000000020000020        0x4 Drivers/STM32F1xx_HAL_Driver/Src/stm32f1xx_hal.o
                0x0000000020000020                uwTickPrio
 .data.uwTickFreq
                0x0000000020000024        0x1 Drivers/STM32F1xx_HAL_Driver/Src/stm32f1xx_hal.o
                0x0000000020000024                uwTickFreq
 *fill*         0x0000000020000025        0x3 
 .data.USER_Driver
                0x0000000020000028       0x14 FATFS/Target/user_diskio.o
                0x0000000020000028                USER_Driver
 .data._impure_ptr
                0x000000002000003c        0x4 c:/st/stm32cubeide_1.4.0/stm32cubeide/plugins/com.st.stm32cube.ide.mcu.externaltools.gnu-tools-for-stm32.7-2018-q2-update.win32_1.4.0.202007081208/tools/bin/../lib/gcc/arm-none-eabi/7.3.1/../../../../arm-none-eabi/lib/thumb/v7-m\libc_nano.a(lib_a-impure.o)
                0x000000002000003c                _impure_ptr
 .data.impure_data
                0x0000000020000040       0x60 c:/st/stm32cubeide_1.4.0/stm32cubeide/plugins/com.st.stm32cube.ide.mcu.externaltools.gnu-tools-for-stm32.7-2018-q2-update.win32_1.4.0.202007081208/tools/bin/../lib/gcc/arm-none-eabi/7.3.1/../../../../arm-none-eabi/lib/thumb/v7-m\libc_nano.a(lib_a-impure.o)
 .data.__global_locale
                0x00000000200000a0      0x16c c:/st/stm32cubeide_1.4.0/stm32cubeide/plugins/com.st.stm32cube.ide.mcu.externaltools.gnu-tools-for-stm32.7-2018-q2-update.win32_1.4.0.202007081208/tools/bin/../lib/gcc/arm-none-eabi/7.3.1/../../../../arm-none-eabi/lib/thumb/v7-m\libc_nano.a(lib_a-locale.o)
                0x00000000200000a0                __global_locale
 .data.__fdlib_version
                0x000000002000020c        0x1 c:/st/stm32cubeide_1.4.0/stm32cubeide/plugins/com.st.stm32cube.ide.mcu.externaltools.gnu-tools-for-stm32.7-2018-q2-update.win32_1.4.0.202007081208/tools/bin/../lib/gcc/arm-none-eabi/7.3.1/../../../../arm-none-eabi/lib/thumb/v7-m\libm.a(lib_a-s_lib_ver.o)
                0x000000002000020c                __fdlib_version
                0x0000000020000210                . = ALIGN (0x4)
 *fill*         0x000000002000020d        0x3 
                0x0000000020000210                _edata = .

.igot.plt       0x0000000020000210        0x0 load address 0x000000000800dae8
 .igot.plt      0x0000000020000210        0x0 c:/st/stm32cubeide_1.4.0/stm32cubeide/plugins/com.st.stm32cube.ide.mcu.externaltools.gnu-tools-for-stm32.7-2018-q2-update.win32_1.4.0.202007081208/tools/bin/../lib/gcc/arm-none-eabi/7.3.1/thumb/v7-m/crtbegin.o
                0x0000000020000210                . = ALIGN (0x4)

.bss            0x0000000020000210     0x11c0 load address 0x000000000800dae8
                0x0000000020000210                _sbss = .
                0x0000000020000210                __bss_start__ = _sbss
 *(.bss)
 .bss           0x0000000020000210       0x1c c:/st/stm32cubeide_1.4.0/stm32cubeide/plugins/com.st.stm32cube.ide.mcu.externaltools.gnu-tools-for-stm32.7-2018-q2-update.win32_1.4.0.202007081208/tools/bin/../lib/gcc/arm-none-eabi/7.3.1/thumb/v7-m/crtbegin.o
 *(.bss*)
 .bss.BASE_P    0x000000002000022c        0xc Core/Src/MS5611.o
                0x000000002000022c                BASE_P
 .bss.BASE      0x0000000020000238        0x4 Core/Src/MS5611.o
                0x0000000020000238                BASE
 .bss.fab_data  0x000000002000023c       0x10 Core/Src/MS5611.o
                0x000000002000023c                fab_data
 .bss.ADC       0x000000002000024c        0x6 Core/Src/MS5611.o
                0x000000002000024c                ADC
 *fill*         0x0000000020000252        0x2 
 .bss.C         0x0000000020000254        0xc Core/Src/MS5611.o
                0x0000000020000254                C
 .bss.D1        0x0000000020000260        0x4 Core/Src/MS5611.o
                0x0000000020000260                D1
 .bss.D2        0x0000000020000264        0x4 Core/Src/MS5611.o
                0x0000000020000264                D2
 .bss.Read_ADC  0x0000000020000268        0x1 Core/Src/MS5611.o
                0x0000000020000268                Read_ADC
 *fill*         0x0000000020000269        0x3 
 .bss.dT        0x000000002000026c        0x4 Core/Src/MS5611.o
                0x000000002000026c                dT
 .bss.dT2       0x0000000020000270        0x4 Core/Src/MS5611.o
                0x0000000020000270                dT2
 *fill*         0x0000000020000274        0x4 
 .bss.OFF       0x0000000020000278        0x8 Core/Src/MS5611.o
                0x0000000020000278                OFF
 .bss.SENS      0x0000000020000280        0x8 Core/Src/MS5611.o
                0x0000000020000280                SENS
 .bss.OFF2      0x0000000020000288        0x8 Core/Src/MS5611.o
                0x0000000020000288                OFF2
 .bss.SENS2     0x0000000020000290        0x8 Core/Src/MS5611.o
                0x0000000020000290                SENS2
 .bss.TEMP      0x0000000020000298        0x4 Core/Src/MS5611.o
                0x0000000020000298                TEMP
 .bss.PRESS     0x000000002000029c        0x4 Core/Src/MS5611.o
                0x000000002000029c                PRESS
 .bss.ALT       0x00000000200002a0        0x4 Core/Src/MS5611.o
                0x00000000200002a0                ALT
 .bss.T         0x00000000200002a4        0x4 Core/Src/MS5611.o
                0x00000000200002a4                T
 .bss.CardType  0x00000000200002a8        0x1 Core/Src/fatfs_sd.o
 .bss.PowerFlag
                0x00000000200002a9        0x1 Core/Src/fatfs_sd.o
 *fill*         0x00000000200002aa        0x2 
 .bss.ALT_T     0x00000000200002ac        0x4 Core/Src/main.o
                0x00000000200002ac                ALT_T
 .bss.BASE_ALT_T
                0x00000000200002b0        0x4 Core/Src/main.o
                0x00000000200002b0                BASE_ALT_T
 .bss.CLOSE_READY_SD
                0x00000000200002b4        0x1 Core/Src/main.o
                0x00000000200002b4                CLOSE_READY_SD
 .bss.FatFsCnt  0x00000000200002b5        0x1 Core/Src/stm32f1xx_it.o
                0x00000000200002b5                FatFsCnt
 .bss.buff      0x00000000200002b6        0x1 Core/Src/stm32f1xx_it.o
                0x00000000200002b6                buff
 *fill*         0x00000000200002b7        0x1 
 .bss.RX1_BUFF  0x00000000200002b8       0x78 Core/Src/stm32f1xx_it.o
                0x00000000200002b8                RX1_BUFF
 .bss.k         0x0000000020000330        0x1 Core/Src/stm32f1xx_it.o
                0x0000000020000330                k
 .bss.AS        0x0000000020000331        0x1 Core/Src/stm32f1xx_it.o
                0x0000000020000331                AS
 .bss.MS5611    0x0000000020000332        0x1 Core/Src/stm32f1xx_it.o
                0x0000000020000332                MS5611
 *fill*         0x0000000020000333        0x1 
 .bss.__sbrk_heap_end
                0x0000000020000334        0x4 Core/Src/sysmem.o
 .bss.FatFs     0x0000000020000338        0x4 Middlewares/Third_Party/FatFs/src/ff.o
 .bss.Fsid      0x000000002000033c        0x2 Middlewares/Third_Party/FatFs/src/ff.o
 *fill*         0x000000002000033e        0x2 
 .bss.Files     0x0000000020000340       0x18 Middlewares/Third_Party/FatFs/src/ff.o
 .bss.LfnBuf    0x0000000020000358      0x200 Middlewares/Third_Party/FatFs/src/ff.o
 .bss.disk      0x0000000020000558        0xc Middlewares/Third_Party/FatFs/src/ff_gen_drv.o
                0x0000000020000558                disk
 .bss.__malloc_free_list
                0x0000000020000564        0x4 c:/st/stm32cubeide_1.4.0/stm32cubeide/plugins/com.st.stm32cube.ide.mcu.externaltools.gnu-tools-for-stm32.7-2018-q2-update.win32_1.4.0.202007081208/tools/bin/../lib/gcc/arm-none-eabi/7.3.1/../../../../arm-none-eabi/lib/thumb/v7-m\libc_nano.a(lib_a-nano-mallocr.o)
                0x0000000020000564                __malloc_free_list
 .bss.__malloc_sbrk_start
                0x0000000020000568        0x4 c:/st/stm32cubeide_1.4.0/stm32cubeide/plugins/com.st.stm32cube.ide.mcu.externaltools.gnu-tools-for-stm32.7-2018-q2-update.win32_1.4.0.202007081208/tools/bin/../lib/gcc/arm-none-eabi/7.3.1/../../../../arm-none-eabi/lib/thumb/v7-m\libc_nano.a(lib_a-nano-mallocr.o)
                0x0000000020000568                __malloc_sbrk_start
 *(COMMON)
 COMMON         0x000000002000056c      0x9f4 Core/Src/main.o
                0x000000002000056c                fre_clust
                0x0000000020000570                hspi2
                0x00000000200005c8                fs
                0x00000000200007f8                hi2c1
                0x000000002000084c                br
                0x0000000020000850                free_space
                0x0000000020000854                huart1
                0x0000000020000898                buffer
                0x0000000020000c98                bw
                0x0000000020000c9c                pfs
                0x0000000020000ca0                fresult
                0x0000000020000ca4                htim2
                0x0000000020000cec                huart2
                0x0000000020000d30                total
                0x0000000020000d34                fil
 COMMON         0x0000000020000f60        0x2 Core/Src/stm32f1xx_it.o
                0x0000000020000f60                Timer2
                0x0000000020000f61                Timer1
 *fill*         0x0000000020000f62        0x2 
 COMMON         0x0000000020000f64        0x4 Drivers/STM32F1xx_HAL_Driver/Src/stm32f1xx_hal.o
                0x0000000020000f64                uwTick
 COMMON         0x0000000020000f68      0x464 FATFS/App/fatfs.o
                0x0000000020000f68                USERPath
                0x0000000020000f6c                retUSER
                0x0000000020000f70                USERFile
                0x000000002000119c                USERFatFS
 COMMON         0x00000000200013cc        0x4 c:/st/stm32cubeide_1.4.0/stm32cubeide/plugins/com.st.stm32cube.ide.mcu.externaltools.gnu-tools-for-stm32.7-2018-q2-update.win32_1.4.0.202007081208/tools/bin/../lib/gcc/arm-none-eabi/7.3.1/../../../../arm-none-eabi/lib/thumb/v7-m\libc_nano.a(lib_a-reent.o)
                0x00000000200013cc                errno
                0x00000000200013d0                . = ALIGN (0x4)
                0x00000000200013d0                _ebss = .
                0x00000000200013d0                __bss_end__ = _ebss

._user_heap_stack
                0x00000000200013d0      0x600 load address 0x000000000800dae8
                0x00000000200013d0                . = ALIGN (0x8)
                [!provide]                        PROVIDE (end = .)
                0x00000000200013d0                PROVIDE (_end = .)
                0x00000000200015d0                . = (. + _Min_Heap_Size)
 *fill*         0x00000000200013d0      0x200 
                0x00000000200019d0                . = (. + _Min_Stack_Size)
 *fill*         0x00000000200015d0      0x400 
                0x00000000200019d0                . = ALIGN (0x8)

/DISCARD/
 libc.a(*)
 libm.a(*)
 libgcc.a(*)

.ARM.attributes
                0x0000000000000000       0x29
 *(.ARM.attributes)
 .ARM.attributes
                0x0000000000000000       0x1d c:/st/stm32cubeide_1.4.0/stm32cubeide/plugins/com.st.stm32cube.ide.mcu.externaltools.gnu-tools-for-stm32.7-2018-q2-update.win32_1.4.0.202007081208/tools/bin/../lib/gcc/arm-none-eabi/7.3.1/thumb/v7-m/crti.o
 .ARM.attributes
                0x000000000000001d       0x2d c:/st/stm32cubeide_1.4.0/stm32cubeide/plugins/com.st.stm32cube.ide.mcu.externaltools.gnu-tools-for-stm32.7-2018-q2-update.win32_1.4.0.202007081208/tools/bin/../lib/gcc/arm-none-eabi/7.3.1/thumb/v7-m/crtbegin.o
 .ARM.attributes
                0x000000000000004a       0x33 Core/Src/MS5611.o
 .ARM.attributes
                0x000000000000007d       0x33 Core/Src/fatfs_sd.o
 .ARM.attributes
                0x00000000000000b0       0x33 Core/Src/main.o
 .ARM.attributes
                0x00000000000000e3       0x33 Core/Src/stm32f1xx_hal_msp.o
 .ARM.attributes
                0x0000000000000116       0x33 Core/Src/stm32f1xx_it.o
 .ARM.attributes
                0x0000000000000149       0x33 Core/Src/sysmem.o
 .ARM.attributes
                0x000000000000017c       0x33 Core/Src/system_stm32f1xx.o
 .ARM.attributes
                0x00000000000001af       0x21 Core/Startup/startup_stm32f103c8tx.o
 .ARM.attributes
                0x00000000000001d0       0x33 Drivers/STM32F1xx_HAL_Driver/Src/stm32f1xx_hal.o
 .ARM.attributes
                0x0000000000000203       0x33 Drivers/STM32F1xx_HAL_Driver/Src/stm32f1xx_hal_cortex.o
 .ARM.attributes
                0x0000000000000236       0x33 Drivers/STM32F1xx_HAL_Driver/Src/stm32f1xx_hal_dma.o
 .ARM.attributes
                0x0000000000000269       0x33 Drivers/STM32F1xx_HAL_Driver/Src/stm32f1xx_hal_gpio.o
 .ARM.attributes
                0x000000000000029c       0x33 Drivers/STM32F1xx_HAL_Driver/Src/stm32f1xx_hal_i2c.o
 .ARM.attributes
                0x00000000000002cf       0x33 Drivers/STM32F1xx_HAL_Driver/Src/stm32f1xx_hal_rcc.o
 .ARM.attributes
                0x0000000000000302       0x33 Drivers/STM32F1xx_HAL_Driver/Src/stm32f1xx_hal_spi.o
 .ARM.attributes
                0x0000000000000335       0x33 Drivers/STM32F1xx_HAL_Driver/Src/stm32f1xx_hal_tim.o
 .ARM.attributes
                0x0000000000000368       0x33 Drivers/STM32F1xx_HAL_Driver/Src/stm32f1xx_hal_tim_ex.o
 .ARM.attributes
                0x000000000000039b       0x33 Drivers/STM32F1xx_HAL_Driver/Src/stm32f1xx_hal_uart.o
 .ARM.attributes
                0x00000000000003ce       0x33 FATFS/App/fatfs.o
 .ARM.attributes
                0x0000000000000401       0x33 FATFS/Target/user_diskio.o
 .ARM.attributes
                0x0000000000000434       0x33 Middlewares/Third_Party/FatFs/src/diskio.o
 .ARM.attributes
                0x0000000000000467       0x33 Middlewares/Third_Party/FatFs/src/ff.o
 .ARM.attributes
                0x000000000000049a       0x33 Middlewares/Third_Party/FatFs/src/ff_gen_drv.o
 .ARM.attributes
                0x00000000000004cd       0x33 Middlewares/Third_Party/FatFs/src/option/ccsbcs.o
 .ARM.attributes
                0x0000000000000500       0x2d c:/st/stm32cubeide_1.4.0/stm32cubeide/plugins/com.st.stm32cube.ide.mcu.externaltools.gnu-tools-for-stm32.7-2018-q2-update.win32_1.4.0.202007081208/tools/bin/../lib/gcc/arm-none-eabi/7.3.1/../../../../arm-none-eabi/lib/thumb/v7-m\libc_nano.a(lib_a-errno.o)
 .ARM.attributes
                0x000000000000052d       0x2d c:/st/stm32cubeide_1.4.0/stm32cubeide/plugins/com.st.stm32cube.ide.mcu.externaltools.gnu-tools-for-stm32.7-2018-q2-update.win32_1.4.0.202007081208/tools/bin/../lib/gcc/arm-none-eabi/7.3.1/../../../../arm-none-eabi/lib/thumb/v7-m\libc_nano.a(lib_a-impure.o)
 .ARM.attributes
                0x000000000000055a       0x2d c:/st/stm32cubeide_1.4.0/stm32cubeide/plugins/com.st.stm32cube.ide.mcu.externaltools.gnu-tools-for-stm32.7-2018-q2-update.win32_1.4.0.202007081208/tools/bin/../lib/gcc/arm-none-eabi/7.3.1/../../../../arm-none-eabi/lib/thumb/v7-m\libc_nano.a(lib_a-init.o)
 .ARM.attributes
                0x0000000000000587       0x2d c:/st/stm32cubeide_1.4.0/stm32cubeide/plugins/com.st.stm32cube.ide.mcu.externaltools.gnu-tools-for-stm32.7-2018-q2-update.win32_1.4.0.202007081208/tools/bin/../lib/gcc/arm-none-eabi/7.3.1/../../../../arm-none-eabi/lib/thumb/v7-m\libc_nano.a(lib_a-memset.o)
 .ARM.attributes