MPU-6050.c:30:6:MPU6050_Init	8	static
MPU-6050.c:40:6:MPU6050_SetCalibration	24	static
MPU-6050.c:58:6:MPU6050_Read_Accelarition	24	static
MPU-6050.c:69:6:MPU6050_Read_Gyro	24	static
MPU-6050.c:80:7:MPU6050_AccX	8	static
MPU-6050.c:85:7:MPU6050_AccY	8	static
MPU-6050.c:90:7:MPU6050_AccZ	8	static
MPU-6050.c:95:7:MPU6050_GyroX	8	static
MPU-6050.c:100:7:MPU6050_GyroY	8	static
MPU-6050.c:105:7:MPU6050_GyroZ	8	static
MPU-6050.c:111:7:Array_sort_MPU	32	static
MPU-6050.c:128:7:MEDIAN_AXIS_FILTER	96	static
